19:12:31 **** Clean-only build of configuration Release for project pixy_m0 ****
make clean 
rm -rf  ./src/chirp.o ./src/debug.o ./src/debug_frmwrk.o ./src/ipc_mbx.o ./src/lpc43xx_uart.o ./src/smlink.o  ./src/chirp.d ./src/debug.d ./src/debug_frmwrk.d ./src/ipc_mbx.d ./src/lpc43xx_uart.d ./src/smlink.d  libpixy_m0.a
 
19:12:32 **** Clean-only build of configuration Release for project m0 ****
make clean 
rm -rf  ./src/cr_startup_lpc43xx-m0app.o ./src/exec_m0.o ./src/frame_m0.o ./src/main_m0.o ./src/qqueue.o ./src/rls_m0.o  ./src/cr_startup_lpc43xx-m0app.d ./src/exec_m0.d ./src/frame_m0.d ./src/main_m0.d ./src/qqueue.d ./src/rls_m0.d  m0.axf
 
19:12:32 **** Clean-only build of configuration Release for project pixy_m4 ****
make clean 
rm -rf  ./src/camera.o ./src/chirp.o ./src/crp.o ./src/debug_frmwrk.o ./src/fpu_init.o ./src/ipc_mbx.o ./src/led.o ./src/lpc43xx_adc.o ./src/lpc43xx_cgu.o ./src/lpc43xx_scu.o ./src/lpc43xx_ssp.o ./src/lpc43xx_uart.o ./src/misc.o ./src/param.o ./src/pixy_init.o ./src/platform_config.o ./src/power.o ./src/rcservo.o ./src/sccb.o ./src/smlink.o ./src/usbcore.o ./src/usbdesc.o ./src/usbhw.o ./src/usblink.o ./src/usbuser.o  ./src/crp.d ./src/debug_frmwrk.d ./src/fpu_init.d ./src/ipc_mbx.d ./src/lpc43xx_adc.d ./src/lpc43xx_cgu.d ./src/lpc43xx_scu.d ./src/lpc43xx_ssp.d ./src/lpc43xx_uart.d ./src/platform_config.d ./src/usbcore.d ./src/usbdesc.d ./src/usbhw.d ./src/usbuser.d  ./src/camera.d ./src/chirp.d ./src/led.d ./src/misc.d ./src/param.d ./src/pixy_init.d ./src/power.d ./src/rcservo.d ./src/sccb.d ./src/smlink.d ./src/usblink.d  libpixy_m4.a
 
19:12:33 **** Clean-only build of configuration Release for project video ****
make clean 
rm -rf  ./src/analogdig.o ./src/blob.o ./src/blobs.o ./src/button.o ./src/colorlut.o ./src/conncomp.o ./src/cr_cpp_config.o ./src/cr_start_m0.o ./src/cr_startup_lpc43xx.o ./src/crp.o ./src/exec.o ./src/flash.o ./src/i2c.o ./src/lpc43xx_i2c.o ./src/main_m4.o ./src/progblobs.o ./src/progpt.o ./src/progvideo.o ./src/qqueue.o ./src/serial.o ./src/spi.o ./src/system_LPC43xx.o ./src/uart.o  ./src/cr_start_m0.d ./src/crp.d ./src/lpc43xx_i2c.d ./src/system_LPC43xx.d  ./src/analogdig.d ./src/blob.d ./src/blobs.d ./src/button.d ./src/colorlut.d ./src/conncomp.d ./src/cr_cpp_config.d ./src/cr_startup_lpc43xx.d ./src/exec.d ./src/flash.d ./src/i2c.d ./src/main_m4.d ./src/progblobs.d ./src/progpt.d ./src/progvideo.d ./src/qqueue.d ./src/serial.d ./src/spi.d ./src/uart.d  video.axf
 
19:12:39 **** Build of configuration Release for project pixy_m0 ****
make all 
Building file: ../src/chirp.c
Invoking: MCU C Compiler
arm-none-eabi-gcc -DIPC_SLAVE -DPIXY -D__REDLIB__ -D__MULTICORE_NONE -DNDEBUG -D__CODE_RED -DCORE_M0 -DCR_PRINTF_CHAR -D__LPC43XX__ -I"C:\CharmedLabs\cmucam\lpcxpresso\pixy_m0\inc" -Os -g -Wall -c -fmessage-length=0 -fno-builtin -ffunction-sections -fdata-sections -mcpu=cortex-m0 -mthumb -MMD -MP -MF"src/chirp.d" -MT"src/chirp.o" -MT"src/chirp.d" -o "src/chirp.o" "../src/chirp.c"
Finished building: ../src/chirp.c
 
Building file: ../src/debug.c
Invoking: MCU C Compiler
arm-none-eabi-gcc -DIPC_SLAVE -DPIXY -D__REDLIB__ -D__MULTICORE_NONE -DNDEBUG -D__CODE_RED -DCORE_M0 -DCR_PRINTF_CHAR -D__LPC43XX__ -I"C:\CharmedLabs\cmucam\lpcxpresso\pixy_m0\inc" -Os -g -Wall -c -fmessage-length=0 -fno-builtin -ffunction-sections -fdata-sections -mcpu=cortex-m0 -mthumb -MMD -MP -MF"src/debug.d" -MT"src/debug.o" -MT"src/debug.d" -o "src/debug.o" "../src/debug.c"
Finished building: ../src/debug.c
 
Building file: ../src/debug_frmwrk.c
Invoking: MCU C Compiler
arm-none-eabi-gcc -DIPC_SLAVE -DPIXY -D__REDLIB__ -D__MULTICORE_NONE -DNDEBUG -D__CODE_RED -DCORE_M0 -DCR_PRINTF_CHAR -D__LPC43XX__ -I"C:\CharmedLabs\cmucam\lpcxpresso\pixy_m0\inc" -Os -g -Wall -c -fmessage-length=0 -fno-builtin -ffunction-sections -fdata-sections -mcpu=cortex-m0 -mthumb -MMD -MP -MF"src/debug_frmwrk.d" -MT"src/debug_frmwrk.o" -MT"src/debug_frmwrk.d" -o "src/debug_frmwrk.o" "../src/debug_frmwrk.c"
Finished building: ../src/debug_frmwrk.c
 
Building file: ../src/ipc_mbx.c
Invoking: MCU C Compiler
arm-none-eabi-gcc -DIPC_SLAVE -DPIXY -D__REDLIB__ -D__MULTICORE_NONE -DNDEBUG -D__CODE_RED -DCORE_M0 -DCR_PRINTF_CHAR -D__LPC43XX__ -I"C:\CharmedLabs\cmucam\lpcxpresso\pixy_m0\inc" -Os -g -Wall -c -fmessage-length=0 -fno-builtin -ffunction-sections -fdata-sections -mcpu=cortex-m0 -mthumb -MMD -MP -MF"src/ipc_mbx.d" -MT"src/ipc_mbx.o" -MT"src/ipc_mbx.d" -o "src/ipc_mbx.o" "../src/ipc_mbx.c"
../src/ipc_mbx.c: In function 'IPC_resetMbxFlag':
../src/ipc_mbx.c:51:4: warning: 'wasMasked' is used uninitialized in this function [-Wuninitialized]
  if(!wasMasked)  __enable_irq();\
    ^
../src/ipc_mbx.c:54:27: note: 'wasMasked' was declared here
  #define IRQ_LOCK_KEY int wasMasked;
                           ^
../src/ipc_mbx.c:78:3: note: in expansion of macro 'IRQ_LOCK_KEY'
   IRQ_LOCK_KEY
   ^
../src/ipc_mbx.c: In function '_setMbxStatus':
../src/ipc_mbx.c:51:4: warning: 'wasMasked' is used uninitialized in this function [-Wuninitialized]
  if(!wasMasked)  __enable_irq();\
    ^
../src/ipc_mbx.c:54:27: note: 'wasMasked' was declared here
  #define IRQ_LOCK_KEY int wasMasked;
                           ^
../src/ipc_mbx.c:100:2: note: in expansion of macro 'IRQ_LOCK_KEY'
  IRQ_LOCK_KEY
  ^
Finished building: ../src/ipc_mbx.c
 
Building file: ../src/lpc43xx_uart.c
Invoking: MCU C Compiler
arm-none-eabi-gcc -DIPC_SLAVE -DPIXY -D__REDLIB__ -D__MULTICORE_NONE -DNDEBUG -D__CODE_RED -DCORE_M0 -DCR_PRINTF_CHAR -D__LPC43XX__ -I"C:\CharmedLabs\cmucam\lpcxpresso\pixy_m0\inc" -Os -g -Wall -c -fmessage-length=0 -fno-builtin -ffunction-sections -fdata-sections -mcpu=cortex-m0 -mthumb -MMD -MP -MF"src/lpc43xx_uart.d" -MT"src/lpc43xx_uart.o" -MT"src/lpc43xx_uart.d" -o "src/lpc43xx_uart.o" "../src/lpc43xx_uart.c"
Finished building: ../src/lpc43xx_uart.c
 
Building file: ../src/smlink.c
Invoking: MCU C Compiler
arm-none-eabi-gcc -DIPC_SLAVE -DPIXY -D__REDLIB__ -D__MULTICORE_NONE -DNDEBUG -D__CODE_RED -DCORE_M0 -DCR_PRINTF_CHAR -D__LPC43XX__ -I"C:\CharmedLabs\cmucam\lpcxpresso\pixy_m0\inc" -Os -g -Wall -c -fmessage-length=0 -fno-builtin -ffunction-sections -fdata-sections -mcpu=cortex-m0 -mthumb -MMD -MP -MF"src/smlink.d" -MT"src/smlink.o" -MT"src/smlink.d" -o "src/smlink.o" "../src/smlink.c"
Finished building: ../src/smlink.c
 
Building target: libpixy_m0.a
Invoking: MCU Archiver
arm-none-eabi-ar -r  "libpixy_m0.a"  ./src/chirp.o ./src/debug.o ./src/debug_frmwrk.o ./src/ipc_mbx.o ./src/lpc43xx_uart.o ./src/smlink.o   
c:\nxp\LPCXpresso_7.3.0_186\lpcxpresso\tools\bin\arm-none-eabi-ar.exe: creating libpixy_m0.a
Finished building target: libpixy_m0.a
 
make --no-print-directory post-build
Performing post-build steps
arm-none-eabi-size "libpixy_m0.a" ; # arm-none-eabi-objdump -h -S "libpixy_m0.a" >"libpixy_m0.lss"
   text	   data	    bss	    dec	    hex	filename
   2194	      0	     32	   2226	    8b2	chirp.o (ex libpixy_m0.a)
     20	      0	      0	     20	     14	debug.o (ex libpixy_m0.a)
    980	      0	      0	    980	    3d4	debug_frmwrk.o (ex libpixy_m0.a)
    646	      0	      0	    646	    286	ipc_mbx.o (ex libpixy_m0.a)
    860	      0	      0	    860	    35c	lpc43xx_uart.o (ex libpixy_m0.a)
    140	      0	      0	    140	     8c	smlink.o (ex libpixy_m0.a)
 
19:12:44 **** Build of configuration Release for project m0 ****
make all 
Building file: ../src/cr_startup_lpc43xx-m0app.c
Invoking: MCU C Compiler
arm-none-eabi-gcc -DIPC_SLAVE -DPIXY -D__REDLIB__ -D__MULTICORE_M0APP -DNDEBUG -D__CODE_RED -DCORE_M0 -D__LPC43XX__ -DCORE_M0APP -I"C:\CharmedLabs\cmucam\lpcxpresso\m0\inc" -I"C:\CharmedLabs\cmucam\lpcxpresso\pixy_m0\inc" -Os -g -Wall -c -fmessage-length=0 -fno-builtin -ffunction-sections -fdata-sections -mcpu=cortex-m0 -mthumb -D__REDLIB__ -MMD -MP -MF"src/cr_startup_lpc43xx-m0app.d" -MT"src/cr_startup_lpc43xx-m0app.o" -MT"src/cr_startup_lpc43xx-m0app.d" -o "src/cr_startup_lpc43xx-m0app.o" "../src/cr_startup_lpc43xx-m0app.c"
Finished building: ../src/cr_startup_lpc43xx-m0app.c
 
Building file: ../src/exec_m0.c
Invoking: MCU C Compiler
arm-none-eabi-gcc -DIPC_SLAVE -DPIXY -D__REDLIB__ -D__MULTICORE_M0APP -DNDEBUG -D__CODE_RED -DCORE_M0 -D__LPC43XX__ -DCORE_M0APP -I"C:\CharmedLabs\cmucam\lpcxpresso\m0\inc" -I"C:\CharmedLabs\cmucam\lpcxpresso\pixy_m0\inc" -Os -g -Wall -c -fmessage-length=0 -fno-builtin -ffunction-sections -fdata-sections -mcpu=cortex-m0 -mthumb -D__REDLIB__ -MMD -MP -MF"src/exec_m0.d" -MT"src/exec_m0.o" -MT"src/exec_m0.d" -o "src/exec_m0.o" "../src/exec_m0.c"
Finished building: ../src/exec_m0.c
 
Building file: ../src/frame_m0.c
Invoking: MCU C Compiler
arm-none-eabi-gcc -DIPC_SLAVE -DPIXY -D__REDLIB__ -D__MULTICORE_M0APP -DNDEBUG -D__CODE_RED -DCORE_M0 -D__LPC43XX__ -DCORE_M0APP -I"C:\CharmedLabs\cmucam\lpcxpresso\m0\inc" -I"C:\CharmedLabs\cmucam\lpcxpresso\pixy_m0\inc" -Os -g -Wall -c -fmessage-length=0 -fno-builtin -ffunction-sections -fdata-sections -mcpu=cortex-m0 -mthumb -D__REDLIB__ -MMD -MP -MF"src/frame_m0.d" -MT"src/frame_m0.o" -MT"src/frame_m0.d" -o "src/frame_m0.o" "../src/frame_m0.c"
Finished building: ../src/frame_m0.c
 
Building file: ../src/main_m0.c
Invoking: MCU C Compiler
arm-none-eabi-gcc -DIPC_SLAVE -DPIXY -D__REDLIB__ -D__MULTICORE_M0APP -DNDEBUG -D__CODE_RED -DCORE_M0 -D__LPC43XX__ -DCORE_M0APP -I"C:\CharmedLabs\cmucam\lpcxpresso\m0\inc" -I"C:\CharmedLabs\cmucam\lpcxpresso\pixy_m0\inc" -Os -g -Wall -c -fmessage-length=0 -fno-builtin -ffunction-sections -fdata-sections -mcpu=cortex-m0 -mthumb -D__REDLIB__ -MMD -MP -MF"src/main_m0.d" -MT"src/main_m0.o" -MT"src/main_m0.d" -o "src/main_m0.o" "../src/main_m0.c"
Finished building: ../src/main_m0.c
 
Building file: ../src/qqueue.c
Invoking: MCU C Compiler
arm-none-eabi-gcc -DIPC_SLAVE -DPIXY -D__REDLIB__ -D__MULTICORE_M0APP -DNDEBUG -D__CODE_RED -DCORE_M0 -D__LPC43XX__ -DCORE_M0APP -I"C:\CharmedLabs\cmucam\lpcxpresso\m0\inc" -I"C:\CharmedLabs\cmucam\lpcxpresso\pixy_m0\inc" -Os -g -Wall -c -fmessage-length=0 -fno-builtin -ffunction-sections -fdata-sections -mcpu=cortex-m0 -mthumb -D__REDLIB__ -MMD -MP -MF"src/qqueue.d" -MT"src/qqueue.o" -MT"src/qqueue.d" -o "src/qqueue.o" "../src/qqueue.c"
Finished building: ../src/qqueue.c
 
Building file: ../src/rls_m0.c
Invoking: MCU C Compiler
arm-none-eabi-gcc -DIPC_SLAVE -DPIXY -D__REDLIB__ -D__MULTICORE_M0APP -DNDEBUG -D__CODE_RED -DCORE_M0 -D__LPC43XX__ -DCORE_M0APP -I"C:\CharmedLabs\cmucam\lpcxpresso\m0\inc" -I"C:\CharmedLabs\cmucam\lpcxpresso\pixy_m0\inc" -Os -g -Wall -c -fmessage-length=0 -fno-builtin -ffunction-sections -fdata-sections -mcpu=cortex-m0 -mthumb -D__REDLIB__ -MMD -MP -MF"src/rls_m0.d" -MT"src/rls_m0.o" -MT"src/rls_m0.d" -o "src/rls_m0.o" "../src/rls_m0.c"
../src/rls_m0.c: In function 'lineProcessedRL1A':
../src/rls_m0.c:531:1: warning: control reaches end of non-void function [-Wreturn-type]
 }
 ^
Finished building: ../src/rls_m0.c
 
Building target: m0.axf
Invoking: MCU Linker
arm-none-eabi-gcc -nostdlib -L"C:\CharmedLabs\cmucam\lpcxpresso\pixy_m0\Release" -Xlinker -Map="m0.map" -Xlinker --gc-sections -mcpu=cortex-m0 -mthumb -T "m0_Release.ld" -o "m0.axf"  ./src/cr_startup_lpc43xx-m0app.o ./src/exec_m0.o ./src/frame_m0.o ./src/main_m0.o ./src/qqueue.o ./src/rls_m0.o   -lpixy_m0 && arm-none-eabi-objcopy --target elf32-littlearm --verbose --strip-all --redefine-sym __vectors_start__=__vectors_start___core_m0app --keep-symbol __vectors_start___core_m0app --rename-section .text=".core_m0app" --rename-section .data=".core_m0app.data" --rename-section .data_RAM2=".core_m0app.data_RAM2" --rename-section .data_RAM3=".core_m0app.data_RAM3" --rename-section .data_RAM4=".core_m0app.data_RAM4" --rename-section .data_RAM5=".core_m0app.data_RAM5" "m0.axf" "m0.axf.o"
copy from `m0.axf' [elf32-littlearm] to `m0.axf.o' [elf32-littlearm]
Finished building target: m0.axf
 
make --no-print-directory post-build
Performing post-build steps
arm-none-eabi-size "m0.axf"; # arm-none-eabi-objcopy -v -O binary "m0.axf" "m0.bin" ; # checksum -p LPC4330_M0 -d "m0.bin";
   text	   data	    bss	    dec	    hex	filename
   5024	     16	     56	   5096	   13e8	m0.axf
 
19:12:48 **** Build of configuration Release for project pixy_m4 ****
make all 
Building file: ../src/camera.cpp
Invoking: MCU C++ Compiler
arm-none-eabi-c++ -D__MULTICORE_NONE -DIPC_MASTER -DPIXY -D__NEWLIB__ -DNDEBUG -D__CODE_RED -DCORE_M4 -D__LPC43XX__ -I"C:\CharmedLabs\cmucam\lpcxpresso\pixy_m4\inc" -I"C:\CharmedLabs\cmucam\lpcxpresso\video\inc" -Os -Os -g -Wall -c -fmessage-length=0 -fno-builtin -ffunction-sections -fdata-sections -fno-rtti -fno-exceptions -fsingle-precision-constant -mcpu=cortex-m4 -mfpu=fpv4-sp-d16 -mfloat-abi=softfp -mthumb -D__NEWLIB__ -MMD -MP -MF"src/camera.d" -MT"src/camera.o" -MT"src/camera.d" -o "src/camera.o" "../src/camera.cpp"
../src/camera.cpp:167:1: warning: deprecated conversion from string constant to 'char*' [-Wwrite-strings]
 };
 ^
../src/camera.cpp:167:1: warning: deprecated conversion from string constant to 'char*' [-Wwrite-strings]
../src/camera.cpp:167:1: warning: deprecated conversion from string constant to 'char*' [-Wwrite-strings]
../src/camera.cpp:167:1: warning: deprecated conversion from string constant to 'char*' [-Wwrite-strings]
../src/camera.cpp:167:1: warning: deprecated conversion from string constant to 'char*' [-Wwrite-strings]
../src/camera.cpp:167:1: warning: deprecated conversion from string constant to 'char*' [-Wwrite-strings]
../src/camera.cpp:167:1: warning: deprecated conversion from string constant to 'char*' [-Wwrite-strings]
../src/camera.cpp:167:1: warning: deprecated conversion from string constant to 'char*' [-Wwrite-strings]
../src/camera.cpp:167:1: warning: deprecated conversion from string constant to 'char*' [-Wwrite-strings]
../src/camera.cpp:167:1: warning: deprecated conversion from string constant to 'char*' [-Wwrite-strings]
../src/camera.cpp:167:1: warning: deprecated conversion from string constant to 'char*' [-Wwrite-strings]
../src/camera.cpp:167:1: warning: deprecated conversion from string constant to 'char*' [-Wwrite-strings]
../src/camera.cpp:167:1: warning: deprecated conversion from string constant to 'char*' [-Wwrite-strings]
../src/camera.cpp:167:1: warning: deprecated conversion from string constant to 'char*' [-Wwrite-strings]
../src/camera.cpp:167:1: warning: deprecated conversion from string constant to 'char*' [-Wwrite-strings]
../src/camera.cpp:167:1: warning: deprecated conversion from string constant to 'char*' [-Wwrite-strings]
../src/camera.cpp:167:1: warning: deprecated conversion from string constant to 'char*' [-Wwrite-strings]
../src/camera.cpp:167:1: warning: deprecated conversion from string constant to 'char*' [-Wwrite-strings]
../src/camera.cpp:167:1: warning: deprecated conversion from string constant to 'char*' [-Wwrite-strings]
../src/camera.cpp:167:1: warning: deprecated conversion from string constant to 'char*' [-Wwrite-strings]
../src/camera.cpp:167:1: warning: deprecated conversion from string constant to 'char*' [-Wwrite-strings]
../src/camera.cpp:167:1: warning: deprecated conversion from string constant to 'char*' [-Wwrite-strings]
../src/camera.cpp:167:1: warning: deprecated conversion from string constant to 'char*' [-Wwrite-strings]
../src/camera.cpp:167:1: warning: deprecated conversion from string constant to 'char*' [-Wwrite-strings]
../src/camera.cpp:167:1: warning: deprecated conversion from string constant to 'char*' [-Wwrite-strings]
../src/camera.cpp:167:1: warning: deprecated conversion from string constant to 'char*' [-Wwrite-strings]
../src/camera.cpp:167:1: warning: deprecated conversion from string constant to 'char*' [-Wwrite-strings]
../src/camera.cpp:167:1: warning: deprecated conversion from string constant to 'char*' [-Wwrite-strings]
../src/camera.cpp:167:1: warning: deprecated conversion from string constant to 'char*' [-Wwrite-strings]
../src/camera.cpp:167:1: warning: deprecated conversion from string constant to 'char*' [-Wwrite-strings]
../src/camera.cpp:167:1: warning: deprecated conversion from string constant to 'char*' [-Wwrite-strings]
../src/camera.cpp:167:1: warning: deprecated conversion from string constant to 'char*' [-Wwrite-strings]
../src/camera.cpp:167:1: warning: deprecated conversion from string constant to 'char*' [-Wwrite-strings]
../src/camera.cpp:167:1: warning: deprecated conversion from string constant to 'char*' [-Wwrite-strings]
../src/camera.cpp:167:1: warning: deprecated conversion from string constant to 'char*' [-Wwrite-strings]
../src/camera.cpp:167:1: warning: deprecated conversion from string constant to 'char*' [-Wwrite-strings]
../src/camera.cpp: In function 'int32_t cam_getFrame(uint8_t*, uint32_t, uint8_t, uint16_t, uint16_t, uint16_t, uint16_t)':
../src/camera.cpp:482:20: warning: comparison between signed and unsigned integer expressions [-Wsign-compare]
  if (xWidth*yWidth>memSize)
                    ^
../src/camera.cpp: In function 'void cam_setRegs(const uint8_t*, int)':
../src/camera.cpp:567:17: warning: unused variable 'q' [-Wunused-variable]
    volatile int q = 0;
                 ^
Finished building: ../src/camera.cpp
 
Building file: ../src/chirp.cpp
Invoking: MCU C++ Compiler
arm-none-eabi-c++ -D__MULTICORE_NONE -DIPC_MASTER -DPIXY -D__NEWLIB__ -DNDEBUG -D__CODE_RED -DCORE_M4 -D__LPC43XX__ -I"C:\CharmedLabs\cmucam\lpcxpresso\pixy_m4\inc" -I"C:\CharmedLabs\cmucam\lpcxpresso\video\inc" -Os -Os -g -Wall -c -fmessage-length=0 -fno-builtin -ffunction-sections -fdata-sections -fno-rtti -fno-exceptions -fsingle-precision-constant -mcpu=cortex-m4 -mfpu=fpv4-sp-d16 -mfloat-abi=softfp -mthumb -D__NEWLIB__ -MMD -MP -MF"src/chirp.d" -MT"src/chirp.o" -MT"src/chirp.d" -o "src/chirp.o" "../src/chirp.cpp"
../src/chirp.cpp: In member function 'int Chirp::recvData()':
../src/chirp.cpp:1277:9: warning: 'res' may be used uninitialized in this function [-Wmaybe-uninitialized]
         if (res<(int)chunk+3)
         ^
Finished building: ../src/chirp.cpp
 
Building file: ../src/crp.c
Invoking: MCU C Compiler
arm-none-eabi-gcc -D__NEWLIB__ -DIPC_MASTER -DPIXY -D__MULTICORE_NONE -DNDEBUG -D__CODE_RED -DCORE_M4 -D__LPC43XX__ -I"C:\CharmedLabs\cmucam\lpcxpresso\pixy_m4\inc" -Og -g -Wall -c -fmessage-length=0 -fno-builtin -ffunction-sections -fdata-sections -fsingle-precision-constant -mcpu=cortex-m4 -mfpu=fpv4-sp-d16 -mfloat-abi=softfp -mthumb -D__NEWLIB__ -MMD -MP -MF"src/crp.d" -MT"src/crp.o" -MT"src/crp.d" -o "src/crp.o" "../src/crp.c"
Finished building: ../src/crp.c
 
Building file: ../src/debug_frmwrk.c
Invoking: MCU C Compiler
arm-none-eabi-gcc -D__NEWLIB__ -DIPC_MASTER -DPIXY -D__MULTICORE_NONE -DNDEBUG -D__CODE_RED -DCORE_M4 -D__LPC43XX__ -I"C:\CharmedLabs\cmucam\lpcxpresso\pixy_m4\inc" -Og -g -Wall -c -fmessage-length=0 -fno-builtin -ffunction-sections -fdata-sections -fsingle-precision-constant -mcpu=cortex-m4 -mfpu=fpv4-sp-d16 -mfloat-abi=softfp -mthumb -D__NEWLIB__ -MMD -MP -MF"src/debug_frmwrk.d" -MT"src/debug_frmwrk.o" -MT"src/debug_frmwrk.d" -o "src/debug_frmwrk.o" "../src/debug_frmwrk.c"
Finished building: ../src/debug_frmwrk.c
 
Building file: ../src/fpu_init.c
Invoking: MCU C Compiler
arm-none-eabi-gcc -D__NEWLIB__ -DIPC_MASTER -DPIXY -D__MULTICORE_NONE -DNDEBUG -D__CODE_RED -DCORE_M4 -D__LPC43XX__ -I"C:\CharmedLabs\cmucam\lpcxpresso\pixy_m4\inc" -Og -g -Wall -c -fmessage-length=0 -fno-builtin -ffunction-sections -fdata-sections -fsingle-precision-constant -mcpu=cortex-m4 -mfpu=fpv4-sp-d16 -mfloat-abi=softfp -mthumb -D__NEWLIB__ -MMD -MP -MF"src/fpu_init.d" -MT"src/fpu_init.o" -MT"src/fpu_init.d" -o "src/fpu_init.o" "../src/fpu_init.c"
Finished building: ../src/fpu_init.c
 
Building file: ../src/ipc_mbx.c
Invoking: MCU C Compiler
arm-none-eabi-gcc -D__NEWLIB__ -DIPC_MASTER -DPIXY -D__MULTICORE_NONE -DNDEBUG -D__CODE_RED -DCORE_M4 -D__LPC43XX__ -I"C:\CharmedLabs\cmucam\lpcxpresso\pixy_m4\inc" -Og -g -Wall -c -fmessage-length=0 -fno-builtin -ffunction-sections -fdata-sections -fsingle-precision-constant -mcpu=cortex-m4 -mfpu=fpv4-sp-d16 -mfloat-abi=softfp -mthumb -D__NEWLIB__ -MMD -MP -MF"src/ipc_mbx.d" -MT"src/ipc_mbx.o" -MT"src/ipc_mbx.d" -o "src/ipc_mbx.o" "../src/ipc_mbx.c"
Finished building: ../src/ipc_mbx.c
 
Building file: ../src/led.cpp
Invoking: MCU C++ Compiler
arm-none-eabi-c++ -D__MULTICORE_NONE -DIPC_MASTER -DPIXY -D__NEWLIB__ -DNDEBUG -D__CODE_RED -DCORE_M4 -D__LPC43XX__ -I"C:\CharmedLabs\cmucam\lpcxpresso\pixy_m4\inc" -I"C:\CharmedLabs\cmucam\lpcxpresso\video\inc" -Os -Os -g -Wall -c -fmessage-length=0 -fno-builtin -ffunction-sections -fdata-sections -fno-rtti -fno-exceptions -fsingle-precision-constant -mcpu=cortex-m4 -mfpu=fpv4-sp-d16 -mfloat-abi=softfp -mthumb -D__NEWLIB__ -MMD -MP -MF"src/led.d" -MT"src/led.o" -MT"src/led.d" -o "src/led.o" "../src/led.cpp"
../src/led.cpp:64:1: warning: deprecated conversion from string constant to 'char*' [-Wwrite-strings]
 }; 
 ^
../src/led.cpp:64:1: warning: deprecated conversion from string constant to 'char*' [-Wwrite-strings]
../src/led.cpp:64:1: warning: deprecated conversion from string constant to 'char*' [-Wwrite-strings]
../src/led.cpp:64:1: warning: deprecated conversion from string constant to 'char*' [-Wwrite-strings]
../src/led.cpp:64:1: warning: deprecated conversion from string constant to 'char*' [-Wwrite-strings]
../src/led.cpp:64:1: warning: deprecated conversion from string constant to 'char*' [-Wwrite-strings]
../src/led.cpp:64:1: warning: deprecated conversion from string constant to 'char*' [-Wwrite-strings]
../src/led.cpp:64:1: warning: deprecated conversion from string constant to 'char*' [-Wwrite-strings]
Finished building: ../src/led.cpp
 
Building file: ../src/lpc43xx_adc.c
Invoking: MCU C Compiler
arm-none-eabi-gcc -D__NEWLIB__ -DIPC_MASTER -DPIXY -D__MULTICORE_NONE -DNDEBUG -D__CODE_RED -DCORE_M4 -D__LPC43XX__ -I"C:\CharmedLabs\cmucam\lpcxpresso\pixy_m4\inc" -Og -g -Wall -c -fmessage-length=0 -fno-builtin -ffunction-sections -fdata-sections -fsingle-precision-constant -mcpu=cortex-m4 -mfpu=fpv4-sp-d16 -mfloat-abi=softfp -mthumb -D__NEWLIB__ -MMD -MP -MF"src/lpc43xx_adc.d" -MT"src/lpc43xx_adc.o" -MT"src/lpc43xx_adc.d" -o "src/lpc43xx_adc.o" "../src/lpc43xx_adc.c"
../src/lpc43xx_adc.c: In function 'ADC_Init':
../src/lpc43xx_adc.c:109:15: warning: 'temp' may be used uninitialized in this function [-Wmaybe-uninitialized]
  temp = ((temp*2 + ADCbitrate) / (ADCbitrate*2)) - 1;//get the round value by fomular: (2*A + B)/(2*B)
               ^
Finished building: ../src/lpc43xx_adc.c
 
Building file: ../src/lpc43xx_cgu.c
Invoking: MCU C Compiler
arm-none-eabi-gcc -D__NEWLIB__ -DIPC_MASTER -DPIXY -D__MULTICORE_NONE -DNDEBUG -D__CODE_RED -DCORE_M4 -D__LPC43XX__ -I"C:\CharmedLabs\cmucam\lpcxpresso\pixy_m4\inc" -Og -g -Wall -c -fmessage-length=0 -fno-builtin -ffunction-sections -fdata-sections -fsingle-precision-constant -mcpu=cortex-m4 -mfpu=fpv4-sp-d16 -mfloat-abi=softfp -mthumb -D__NEWLIB__ -MMD -MP -MF"src/lpc43xx_cgu.d" -MT"src/lpc43xx_cgu.o" -MT"src/lpc43xx_cgu.d" -o "src/lpc43xx_cgu.o" "../src/lpc43xx_cgu.c"
Finished building: ../src/lpc43xx_cgu.c
 
Building file: ../src/lpc43xx_scu.c
Invoking: MCU C Compiler
arm-none-eabi-gcc -D__NEWLIB__ -DIPC_MASTER -DPIXY -D__MULTICORE_NONE -DNDEBUG -D__CODE_RED -DCORE_M4 -D__LPC43XX__ -I"C:\CharmedLabs\cmucam\lpcxpresso\pixy_m4\inc" -Og -g -Wall -c -fmessage-length=0 -fno-builtin -ffunction-sections -fdata-sections -fsingle-precision-constant -mcpu=cortex-m4 -mfpu=fpv4-sp-d16 -mfloat-abi=softfp -mthumb -D__NEWLIB__ -MMD -MP -MF"src/lpc43xx_scu.d" -MT"src/lpc43xx_scu.o" -MT"src/lpc43xx_scu.d" -o "src/lpc43xx_scu.o" "../src/lpc43xx_scu.c"
Finished building: ../src/lpc43xx_scu.c
 
Building file: ../src/lpc43xx_ssp.c
Invoking: MCU C Compiler
arm-none-eabi-gcc -D__NEWLIB__ -DIPC_MASTER -DPIXY -D__MULTICORE_NONE -DNDEBUG -D__CODE_RED -DCORE_M4 -D__LPC43XX__ -I"C:\CharmedLabs\cmucam\lpcxpresso\pixy_m4\inc" -Og -g -Wall -c -fmessage-length=0 -fno-builtin -ffunction-sections -fdata-sections -fsingle-precision-constant -mcpu=cortex-m4 -mfpu=fpv4-sp-d16 -mfloat-abi=softfp -mthumb -D__NEWLIB__ -MMD -MP -MF"src/lpc43xx_ssp.d" -MT"src/lpc43xx_ssp.o" -MT"src/lpc43xx_ssp.d" -o "src/lpc43xx_ssp.o" "../src/lpc43xx_ssp.c"
../src/lpc43xx_ssp.c: In function 'SSP_ReadWrite':
../src/lpc43xx_ssp.c:390:14: warning: 'wdata16' may be used uninitialized in this function [-Wmaybe-uninitialized]
       wdata16++;
              ^
../src/lpc43xx_ssp.c:415:18: warning: 'rdata16' may be used uninitialized in this function [-Wmaybe-uninitialized]
       *(rdata16) = (uint16_t) tmp;
                  ^
../src/lpc43xx_ssp.c:386:13: warning: 'wdata8' may be used uninitialized in this function [-Wmaybe-uninitialized]
       wdata8++;
             ^
../src/lpc43xx_ssp.c:413:13: warning: 'rdata8' may be used uninitialized in this function [-Wmaybe-uninitialized]
       rdata8++;
             ^
Finished building: ../src/lpc43xx_ssp.c
 
Building file: ../src/lpc43xx_uart.c
Invoking: MCU C Compiler
arm-none-eabi-gcc -D__NEWLIB__ -DIPC_MASTER -DPIXY -D__MULTICORE_NONE -DNDEBUG -D__CODE_RED -DCORE_M4 -D__LPC43XX__ -I"C:\CharmedLabs\cmucam\lpcxpresso\pixy_m4\inc" -Og -g -Wall -c -fmessage-length=0 -fno-builtin -ffunction-sections -fdata-sections -fsingle-precision-constant -mcpu=cortex-m4 -mfpu=fpv4-sp-d16 -mfloat-abi=softfp -mthumb -D__NEWLIB__ -MMD -MP -MF"src/lpc43xx_uart.d" -MT"src/lpc43xx_uart.o" -MT"src/lpc43xx_uart.d" -o "src/lpc43xx_uart.o" "../src/lpc43xx_uart.c"
Finished building: ../src/lpc43xx_uart.c
 
Building file: ../src/misc.cpp
Invoking: MCU C++ Compiler
arm-none-eabi-c++ -D__MULTICORE_NONE -DIPC_MASTER -DPIXY -D__NEWLIB__ -DNDEBUG -D__CODE_RED -DCORE_M4 -D__LPC43XX__ -I"C:\CharmedLabs\cmucam\lpcxpresso\pixy_m4\inc" -I"C:\CharmedLabs\cmucam\lpcxpresso\video\inc" -Os -Os -g -Wall -c -fmessage-length=0 -fno-builtin -ffunction-sections -fdata-sections -fno-rtti -fno-exceptions -fsingle-precision-constant -mcpu=cortex-m4 -mfpu=fpv4-sp-d16 -mfloat-abi=softfp -mthumb -D__NEWLIB__ -MMD -MP -MF"src/misc.d" -MT"src/misc.o" -MT"src/misc.d" -o "src/misc.o" "../src/misc.cpp"
Finished building: ../src/misc.cpp
 
Building file: ../src/param.cpp
Invoking: MCU C++ Compiler
arm-none-eabi-c++ -D__MULTICORE_NONE -DIPC_MASTER -DPIXY -D__NEWLIB__ -DNDEBUG -D__CODE_RED -DCORE_M4 -D__LPC43XX__ -I"C:\CharmedLabs\cmucam\lpcxpresso\pixy_m4\inc" -I"C:\CharmedLabs\cmucam\lpcxpresso\video\inc" -Os -Os -g -Wall -c -fmessage-length=0 -fno-builtin -ffunction-sections -fdata-sections -fno-rtti -fno-exceptions -fsingle-precision-constant -mcpu=cortex-m4 -mfpu=fpv4-sp-d16 -mfloat-abi=softfp -mthumb -D__NEWLIB__ -MMD -MP -MF"src/param.d" -MT"src/param.o" -MT"src/param.d" -o "src/param.o" "../src/param.cpp"
../src/param.cpp:75:1: warning: deprecated conversion from string constant to 'char*' [-Wwrite-strings]
 };
 ^
../src/param.cpp:75:1: warning: deprecated conversion from string constant to 'char*' [-Wwrite-strings]
../src/param.cpp:75:1: warning: deprecated conversion from string constant to 'char*' [-Wwrite-strings]
../src/param.cpp:75:1: warning: deprecated conversion from string constant to 'char*' [-Wwrite-strings]
../src/param.cpp:75:1: warning: deprecated conversion from string constant to 'char*' [-Wwrite-strings]
../src/param.cpp:75:1: warning: deprecated conversion from string constant to 'char*' [-Wwrite-strings]
../src/param.cpp:75:1: warning: deprecated conversion from string constant to 'char*' [-Wwrite-strings]
../src/param.cpp:75:1: warning: deprecated conversion from string constant to 'char*' [-Wwrite-strings]
../src/param.cpp:75:1: warning: deprecated conversion from string constant to 'char*' [-Wwrite-strings]
../src/param.cpp:75:1: warning: deprecated conversion from string constant to 'char*' [-Wwrite-strings]
../src/param.cpp: In function 'uint32_t prm_nextFree()':
../src/param.cpp:221:10: warning: converting to non-pointer type 'uint32_t {aka long unsigned int}' from NULL [-Wconversion-null]
   return NULL;
          ^
../src/param.cpp: In function 'int prm_add(const char*, uint32_t, const char*, ...)':
../src/param.cpp:381:32: warning: NULL used in arithmetic [-Wpointer-arith]
  if ((freeLoc=prm_nextFree())==NULL)
                                ^
Finished building: ../src/param.cpp
 
Building file: ../src/pixy_init.cpp
Invoking: MCU C++ Compiler
arm-none-eabi-c++ -D__MULTICORE_NONE -DIPC_MASTER -DPIXY -D__NEWLIB__ -DNDEBUG -D__CODE_RED -DCORE_M4 -D__LPC43XX__ -I"C:\CharmedLabs\cmucam\lpcxpresso\pixy_m4\inc" -I"C:\CharmedLabs\cmucam\lpcxpresso\video\inc" -Os -Os -g -Wall -c -fmessage-length=0 -fno-builtin -ffunction-sections -fdata-sections -fno-rtti -fno-exceptions -fsingle-precision-constant -mcpu=cortex-m4 -mfpu=fpv4-sp-d16 -mfloat-abi=softfp -mthumb -D__NEWLIB__ -MMD -MP -MF"src/pixy_init.d" -MT"src/pixy_init.o" -MT"src/pixy_init.d" -o "src/pixy_init.o" "../src/pixy_init.cpp"
Finished building: ../src/pixy_init.cpp
 
Building file: ../src/platform_config.c
Invoking: MCU C Compiler
arm-none-eabi-gcc -D__NEWLIB__ -DIPC_MASTER -DPIXY -D__MULTICORE_NONE -DNDEBUG -D__CODE_RED -DCORE_M4 -D__LPC43XX__ -I"C:\CharmedLabs\cmucam\lpcxpresso\pixy_m4\inc" -Og -g -Wall -c -fmessage-length=0 -fno-builtin -ffunction-sections -fdata-sections -fsingle-precision-constant -mcpu=cortex-m4 -mfpu=fpv4-sp-d16 -mfloat-abi=softfp -mthumb -D__NEWLIB__ -MMD -MP -MF"src/platform_config.d" -MT"src/platform_config.o" -MT"src/platform_config.d" -o "src/platform_config.o" "../src/platform_config.c"
Finished building: ../src/platform_config.c
 
Building file: ../src/power.cpp
Invoking: MCU C++ Compiler
arm-none-eabi-c++ -D__MULTICORE_NONE -DIPC_MASTER -DPIXY -D__NEWLIB__ -DNDEBUG -D__CODE_RED -DCORE_M4 -D__LPC43XX__ -I"C:\CharmedLabs\cmucam\lpcxpresso\pixy_m4\inc" -I"C:\CharmedLabs\cmucam\lpcxpresso\video\inc" -Os -Os -g -Wall -c -fmessage-length=0 -fno-builtin -ffunction-sections -fdata-sections -fno-rtti -fno-exceptions -fsingle-precision-constant -mcpu=cortex-m4 -mfpu=fpv4-sp-d16 -mfloat-abi=softfp -mthumb -D__NEWLIB__ -MMD -MP -MF"src/power.d" -MT"src/power.o" -MT"src/power.d" -o "src/power.o" "../src/power.cpp"
../src/power.cpp:52:1: warning: deprecated conversion from string constant to 'char*' [-Wwrite-strings]
 }; 
 ^
../src/power.cpp:52:1: warning: deprecated conversion from string constant to 'char*' [-Wwrite-strings]
../src/power.cpp:52:1: warning: deprecated conversion from string constant to 'char*' [-Wwrite-strings]
../src/power.cpp:52:1: warning: deprecated conversion from string constant to 'char*' [-Wwrite-strings]
../src/power.cpp:52:1: warning: deprecated conversion from string constant to 'char*' [-Wwrite-strings]
../src/power.cpp:52:1: warning: deprecated conversion from string constant to 'char*' [-Wwrite-strings]
../src/power.cpp:52:1: warning: deprecated conversion from string constant to 'char*' [-Wwrite-strings]
../src/power.cpp:52:1: warning: deprecated conversion from string constant to 'char*' [-Wwrite-strings]
Finished building: ../src/power.cpp
 
Building file: ../src/rcservo.cpp
Invoking: MCU C++ Compiler
arm-none-eabi-c++ -D__MULTICORE_NONE -DIPC_MASTER -DPIXY -D__NEWLIB__ -DNDEBUG -D__CODE_RED -DCORE_M4 -D__LPC43XX__ -I"C:\CharmedLabs\cmucam\lpcxpresso\pixy_m4\inc" -I"C:\CharmedLabs\cmucam\lpcxpresso\video\inc" -Os -Os -g -Wall -c -fmessage-length=0 -fno-builtin -ffunction-sections -fdata-sections -fno-rtti -fno-exceptions -fsingle-precision-constant -mcpu=cortex-m4 -mfpu=fpv4-sp-d16 -mfloat-abi=softfp -mthumb -D__NEWLIB__ -MMD -MP -MF"src/rcservo.d" -MT"src/rcservo.o" -MT"src/rcservo.d" -o "src/rcservo.o" "../src/rcservo.cpp"
../src/rcservo.cpp:72:1: warning: deprecated conversion from string constant to 'char*' [-Wwrite-strings]
 }; 
 ^
../src/rcservo.cpp:72:1: warning: deprecated conversion from string constant to 'char*' [-Wwrite-strings]
../src/rcservo.cpp:72:1: warning: deprecated conversion from string constant to 'char*' [-Wwrite-strings]
../src/rcservo.cpp:72:1: warning: deprecated conversion from string constant to 'char*' [-Wwrite-strings]
../src/rcservo.cpp:72:1: warning: deprecated conversion from string constant to 'char*' [-Wwrite-strings]
../src/rcservo.cpp:72:1: warning: deprecated conversion from string constant to 'char*' [-Wwrite-strings]
../src/rcservo.cpp:72:1: warning: deprecated conversion from string constant to 'char*' [-Wwrite-strings]
../src/rcservo.cpp:72:1: warning: deprecated conversion from string constant to 'char*' [-Wwrite-strings]
../src/rcservo.cpp:72:1: warning: deprecated conversion from string constant to 'char*' [-Wwrite-strings]
../src/rcservo.cpp:72:1: warning: deprecated conversion from string constant to 'char*' [-Wwrite-strings]
Finished building: ../src/rcservo.cpp
 
Building file: ../src/sccb.cpp
Invoking: MCU C++ Compiler
arm-none-eabi-c++ -D__MULTICORE_NONE -DIPC_MASTER -DPIXY -D__NEWLIB__ -DNDEBUG -D__CODE_RED -DCORE_M4 -D__LPC43XX__ -I"C:\CharmedLabs\cmucam\lpcxpresso\pixy_m4\inc" -I"C:\CharmedLabs\cmucam\lpcxpresso\video\inc" -Os -Os -g -Wall -c -fmessage-length=0 -fno-builtin -ffunction-sections -fdata-sections -fno-rtti -fno-exceptions -fsingle-precision-constant -mcpu=cortex-m4 -mfpu=fpv4-sp-d16 -mfloat-abi=softfp -mthumb -D__NEWLIB__ -MMD -MP -MF"src/sccb.d" -MT"src/sccb.o" -MT"src/sccb.d" -o "src/sccb.o" "../src/sccb.cpp"
Finished building: ../src/sccb.cpp
 
Building file: ../src/smlink.cpp
Invoking: MCU C++ Compiler
arm-none-eabi-c++ -D__MULTICORE_NONE -DIPC_MASTER -DPIXY -D__NEWLIB__ -DNDEBUG -D__CODE_RED -DCORE_M4 -D__LPC43XX__ -I"C:\CharmedLabs\cmucam\lpcxpresso\pixy_m4\inc" -I"C:\CharmedLabs\cmucam\lpcxpresso\video\inc" -Os -Os -g -Wall -c -fmessage-length=0 -fno-builtin -ffunction-sections -fdata-sections -fno-rtti -fno-exceptions -fsingle-precision-constant -mcpu=cortex-m4 -mfpu=fpv4-sp-d16 -mfloat-abi=softfp -mthumb -D__NEWLIB__ -MMD -MP -MF"src/smlink.d" -MT"src/smlink.o" -MT"src/smlink.d" -o "src/smlink.o" "../src/smlink.cpp"
Finished building: ../src/smlink.cpp
 
Building file: ../src/usbcore.c
Invoking: MCU C Compiler
arm-none-eabi-gcc -D__NEWLIB__ -DIPC_MASTER -DPIXY -D__MULTICORE_NONE -DNDEBUG -D__CODE_RED -DCORE_M4 -D__LPC43XX__ -I"C:\CharmedLabs\cmucam\lpcxpresso\pixy_m4\inc" -Og -g -Wall -c -fmessage-length=0 -fno-builtin -ffunction-sections -fdata-sections -fsingle-precision-constant -mcpu=cortex-m4 -mfpu=fpv4-sp-d16 -mfloat-abi=softfp -mthumb -D__NEWLIB__ -MMD -MP -MF"src/usbcore.d" -MT"src/usbcore.o" -MT"src/usbcore.d" -o "src/usbcore.o" "../src/usbcore.c"
../src/usbcore.c: In function 'USB_EndPoint0':
../src/usbcore.c:1079:1: warning: label 'out_class_ok' defined but not used [-Wunused-label]
 out_class_ok:                                                            /* request finished successfully */
 ^
../src/usbcore.c:926:1: warning: label 'setup_class_ok' defined but not used [-Wunused-label]
 setup_class_ok:                                                          /* request finished successfully */
 ^
Finished building: ../src/usbcore.c
 
Building file: ../src/usbdesc.c
Invoking: MCU C Compiler
arm-none-eabi-gcc -D__NEWLIB__ -DIPC_MASTER -DPIXY -D__MULTICORE_NONE -DNDEBUG -D__CODE_RED -DCORE_M4 -D__LPC43XX__ -I"C:\CharmedLabs\cmucam\lpcxpresso\pixy_m4\inc" -Og -g -Wall -c -fmessage-length=0 -fno-builtin -ffunction-sections -fdata-sections -fsingle-precision-constant -mcpu=cortex-m4 -mfpu=fpv4-sp-d16 -mfloat-abi=softfp -mthumb -D__NEWLIB__ -MMD -MP -MF"src/usbdesc.d" -MT"src/usbdesc.o" -MT"src/usbdesc.d" -o "src/usbdesc.o" "../src/usbdesc.c"
../src/usbdesc.c:75:3: warning: suggest parentheses around '+' in operand of '&' [-Wparentheses]
   WBVAL(                             /* wTotalLength */
   ^
../src/usbdesc.c:75:3: warning: suggest parentheses around '+' inside '>>' [-Wparentheses]
../src/usbdesc.c:141:3: warning: suggest parentheses around '+' in operand of '&' [-Wparentheses]
   WBVAL(                             /* wTotalLength */
   ^
../src/usbdesc.c:141:3: warning: suggest parentheses around '+' inside '>>' [-Wparentheses]
../src/usbdesc.c:269:3: warning: suggest parentheses around '+' in operand of '&' [-Wparentheses]
   WBVAL(                             /* wTotalLength */
   ^
../src/usbdesc.c:269:3: warning: suggest parentheses around '+' inside '>>' [-Wparentheses]
../src/usbdesc.c:333:3: warning: suggest parentheses around '+' in operand of '&' [-Wparentheses]
   WBVAL(                             /* wTotalLength */
   ^
../src/usbdesc.c:333:3: warning: suggest parentheses around '+' inside '>>' [-Wparentheses]
Finished building: ../src/usbdesc.c
 
Building file: ../src/usbhw.c
Invoking: MCU C Compiler
arm-none-eabi-gcc -D__NEWLIB__ -DIPC_MASTER -DPIXY -D__MULTICORE_NONE -DNDEBUG -D__CODE_RED -DCORE_M4 -D__LPC43XX__ -I"C:\CharmedLabs\cmucam\lpcxpresso\pixy_m4\inc" -Og -g -Wall -c -fmessage-length=0 -fno-builtin -ffunction-sections -fdata-sections -fsingle-precision-constant -mcpu=cortex-m4 -mfpu=fpv4-sp-d16 -mfloat-abi=softfp -mthumb -D__NEWLIB__ -MMD -MP -MF"src/usbhw.d" -MT"src/usbhw.o" -MT"src/usbhw.d" -o "src/usbhw.o" "../src/usbhw.c"
Finished building: ../src/usbhw.c
 
Building file: ../src/usblink.cpp
Invoking: MCU C++ Compiler
arm-none-eabi-c++ -D__MULTICORE_NONE -DIPC_MASTER -DPIXY -D__NEWLIB__ -DNDEBUG -D__CODE_RED -DCORE_M4 -D__LPC43XX__ -I"C:\CharmedLabs\cmucam\lpcxpresso\pixy_m4\inc" -I"C:\CharmedLabs\cmucam\lpcxpresso\video\inc" -Os -Os -g -Wall -c -fmessage-length=0 -fno-builtin -ffunction-sections -fdata-sections -fno-rtti -fno-exceptions -fsingle-precision-constant -mcpu=cortex-m4 -mfpu=fpv4-sp-d16 -mfloat-abi=softfp -mthumb -D__NEWLIB__ -MMD -MP -MF"src/usblink.d" -MT"src/usblink.o" -MT"src/usblink.d" -o "src/usblink.o" "../src/usblink.cpp"
../src/usblink.cpp: In member function 'virtual int USBLink::receive(uint8_t*, uint32_t, uint16_t)':
../src/usblink.cpp:81:41: warning: suggest parentheses around '&&' within '||' [-Wparentheses]
   if ((len>GBUF_SIZE) || (g_bufUsed!=0) && (g_bufUsed!=len))
                                         ^
Finished building: ../src/usblink.cpp
 
Building file: ../src/usbuser.c
Invoking: MCU C Compiler
arm-none-eabi-gcc -D__NEWLIB__ -DIPC_MASTER -DPIXY -D__MULTICORE_NONE -DNDEBUG -D__CODE_RED -DCORE_M4 -D__LPC43XX__ -I"C:\CharmedLabs\cmucam\lpcxpresso\pixy_m4\inc" -Og -g -Wall -c -fmessage-length=0 -fno-builtin -ffunction-sections -fdata-sections -fsingle-precision-constant -mcpu=cortex-m4 -mfpu=fpv4-sp-d16 -mfloat-abi=softfp -mthumb -D__NEWLIB__ -MMD -MP -MF"src/usbuser.d" -MT"src/usbuser.o" -MT"src/usbuser.d" -o "src/usbuser.o" "../src/usbuser.c"
Finished building: ../src/usbuser.c
 
Building target: libpixy_m4.a
Invoking: MCU Archiver
arm-none-eabi-ar -r  "libpixy_m4.a"  ./src/camera.o ./src/chirp.o ./src/crp.o ./src/debug_frmwrk.o ./src/fpu_init.o ./src/ipc_mbx.o ./src/led.o ./src/lpc43xx_adc.o ./src/lpc43xx_cgu.o ./src/lpc43xx_scu.o ./src/lpc43xx_ssp.o ./src/lpc43xx_uart.o ./src/misc.o ./src/param.o ./src/pixy_init.o ./src/platform_config.o ./src/power.o ./src/rcservo.o ./src/sccb.o ./src/smlink.o ./src/usbcore.o ./src/usbdesc.o ./src/usbhw.o ./src/usblink.o ./src/usbuser.o   
c:\nxp\LPCXpresso_7.3.0_186\lpcxpresso\tools\bin\arm-none-eabi-ar.exe: creating libpixy_m4.a
Finished building target: libpixy_m4.a
 
make --no-print-directory post-build
Performing post-build steps
arm-none-eabi-size "libpixy_m4.a" ; # arm-none-eabi-objdump -h -S "libpixy_m4.a" >"libpixy_m4.lss"
   text	   data	    bss	    dec	    hex	filename
   4158	     10	     13	   4181	   1055	camera.o (ex libpixy_m4.a)
   4444	      0	      0	   4444	   115c	chirp.o (ex libpixy_m4.a)
      4	      0	      0	      4	      4	crp.o (ex libpixy_m4.a)
   1240	      0	      0	   1240	    4d8	debug_frmwrk.o (ex libpixy_m4.a)
     88	      0	      0	     88	     58	fpu_init.o (ex libpixy_m4.a)
    700	      0	      0	    700	    2bc	ipc_mbx.o (ex libpixy_m4.a)
   1569	      0	     33	   1602	    642	led.o (ex libpixy_m4.a)
    308	      0	      0	    308	    134	lpc43xx_adc.o (ex libpixy_m4.a)
   3176	     68	      0	   3244	    cac	lpc43xx_cgu.o (ex libpixy_m4.a)
     24	      0	      0	     24	     18	lpc43xx_scu.o (ex libpixy_m4.a)
    960	      0	      0	    960	    3c0	lpc43xx_ssp.o (ex libpixy_m4.a)
   1984	      0	      0	   1984	    7c0	lpc43xx_uart.o (ex libpixy_m4.a)
    288	      0	      4	    292	    124	misc.o (ex libpixy_m4.a)
   1902	      0	      1	   1903	    76f	param.o (ex libpixy_m4.a)
    931	      0	     13	    944	    3b0	pixy_init.o (ex libpixy_m4.a)
    944	      0	      0	    944	    3b0	platform_config.o (ex libpixy_m4.a)
    553	      0	      0	    553	    229	power.o (ex libpixy_m4.a)
   2239	      0	     12	   2251	    8cb	rcservo.o (ex libpixy_m4.a)
    558	      0	      0	    558	    22e	sccb.o (ex libpixy_m4.a)
    296	      0	      0	    296	    128	smlink.o (ex libpixy_m4.a)
   3780	      0	      0	   3780	    ec4	usbcore.o (ex libpixy_m4.a)
    312	      0	      0	    312	    138	usbdesc.o (ex libpixy_m4.a)
   1904	      0	     20	   1924	    784	usbhw.o (ex libpixy_m4.a)
    424	      0	     68	    492	    1ec	usblink.o (ex libpixy_m4.a)
    596	      0	     38	    634	    27a	usbuser.o (ex libpixy_m4.a)
 
19:13:01 **** Build of configuration Release for project video ****
make all 
Building file: ../src/analogdig.cpp
Invoking: MCU C++ Compiler
arm-none-eabi-c++ -D__MULTICORE_MASTER -DIPC_MASTER -DPIXY -D__NEWLIB__ -DNDEBUG -D__CODE_RED -DCORE_M4 -DCPP_USE_HEAP -D__LPC43XX__ -DLPC43_MULTICORE_M0APP -I"C:\CharmedLabs\cmucam\lpcxpresso\video\inc" -I"C:\CharmedLabs\cmucam\lpcxpresso\pixy_m4\inc" -O1 -Os -g -Wall -c -fmessage-length=0 -fno-builtin -ffunction-sections -fdata-sections -fno-rtti -fno-exceptions -fsingle-precision-constant -mcpu=cortex-m4 -mfpu=fpv4-sp-d16 -mfloat-abi=softfp -mthumb -D__NEWLIB__ -MMD -MP -MF"src/analogdig.d" -MT"src/analogdig.o" -MT"src/analogdig.d" -o "src/analogdig.o" "../src/analogdig.cpp"
Finished building: ../src/analogdig.cpp
 
Building file: ../src/blob.cpp
Invoking: MCU C++ Compiler
arm-none-eabi-c++ -D__MULTICORE_MASTER -DIPC_MASTER -DPIXY -D__NEWLIB__ -DNDEBUG -D__CODE_RED -DCORE_M4 -DCPP_USE_HEAP -D__LPC43XX__ -DLPC43_MULTICORE_M0APP -I"C:\CharmedLabs\cmucam\lpcxpresso\video\inc" -I"C:\CharmedLabs\cmucam\lpcxpresso\pixy_m4\inc" -O1 -Os -g -Wall -c -fmessage-length=0 -fno-builtin -ffunction-sections -fdata-sections -fno-rtti -fno-exceptions -fsingle-precision-constant -mcpu=cortex-m4 -mfpu=fpv4-sp-d16 -mfloat-abi=softfp -mthumb -D__NEWLIB__ -MMD -MP -MF"src/blob.d" -MT"src/blob.o" -MT"src/blob.d" -o "src/blob.o" "../src/blob.cpp"
Finished building: ../src/blob.cpp
 
Building file: ../src/blobs.cpp
Invoking: MCU C++ Compiler
arm-none-eabi-c++ -D__MULTICORE_MASTER -DIPC_MASTER -DPIXY -D__NEWLIB__ -DNDEBUG -D__CODE_RED -DCORE_M4 -DCPP_USE_HEAP -D__LPC43XX__ -DLPC43_MULTICORE_M0APP -I"C:\CharmedLabs\cmucam\lpcxpresso\video\inc" -I"C:\CharmedLabs\cmucam\lpcxpresso\pixy_m4\inc" -O1 -Os -g -Wall -c -fmessage-length=0 -fno-builtin -ffunction-sections -fdata-sections -fno-rtti -fno-exceptions -fsingle-precision-constant -mcpu=cortex-m4 -mfpu=fpv4-sp-d16 -mfloat-abi=softfp -mthumb -D__NEWLIB__ -MMD -MP -MF"src/blobs.d" -MT"src/blobs.o" -MT"src/blobs.d" -o "src/blobs.o" "../src/blobs.cpp"
Finished building: ../src/blobs.cpp
 
Building file: ../src/button.cpp
Invoking: MCU C++ Compiler
arm-none-eabi-c++ -D__MULTICORE_MASTER -DIPC_MASTER -DPIXY -D__NEWLIB__ -DNDEBUG -D__CODE_RED -DCORE_M4 -DCPP_USE_HEAP -D__LPC43XX__ -DLPC43_MULTICORE_M0APP -I"C:\CharmedLabs\cmucam\lpcxpresso\video\inc" -I"C:\CharmedLabs\cmucam\lpcxpresso\pixy_m4\inc" -O1 -Os -g -Wall -c -fmessage-length=0 -fno-builtin -ffunction-sections -fdata-sections -fno-rtti -fno-exceptions -fsingle-precision-constant -mcpu=cortex-m4 -mfpu=fpv4-sp-d16 -mfloat-abi=softfp -mthumb -D__NEWLIB__ -MMD -MP -MF"src/button.d" -MT"src/button.o" -MT"src/button.d" -o "src/button.o" "../src/button.cpp"
Finished building: ../src/button.cpp
 
Building file: ../src/colorlut.cpp
Invoking: MCU C++ Compiler
arm-none-eabi-c++ -D__MULTICORE_MASTER -DIPC_MASTER -DPIXY -D__NEWLIB__ -DNDEBUG -D__CODE_RED -DCORE_M4 -DCPP_USE_HEAP -D__LPC43XX__ -DLPC43_MULTICORE_M0APP -I"C:\CharmedLabs\cmucam\lpcxpresso\video\inc" -I"C:\CharmedLabs\cmucam\lpcxpresso\pixy_m4\inc" -O1 -Os -g -Wall -c -fmessage-length=0 -fno-builtin -ffunction-sections -fdata-sections -fno-rtti -fno-exceptions -fsingle-precision-constant -mcpu=cortex-m4 -mfpu=fpv4-sp-d16 -mfloat-abi=softfp -mthumb -D__NEWLIB__ -MMD -MP -MF"src/colorlut.d" -MT"src/colorlut.o" -MT"src/colorlut.d" -o "src/colorlut.o" "../src/colorlut.cpp"
Finished building: ../src/colorlut.cpp
 
Building file: ../src/conncomp.cpp
Invoking: MCU C++ Compiler
arm-none-eabi-c++ -D__MULTICORE_MASTER -DIPC_MASTER -DPIXY -D__NEWLIB__ -DNDEBUG -D__CODE_RED -DCORE_M4 -DCPP_USE_HEAP -D__LPC43XX__ -DLPC43_MULTICORE_M0APP -I"C:\CharmedLabs\cmucam\lpcxpresso\video\inc" -I"C:\CharmedLabs\cmucam\lpcxpresso\pixy_m4\inc" -O1 -Os -g -Wall -c -fmessage-length=0 -fno-builtin -ffunction-sections -fdata-sections -fno-rtti -fno-exceptions -fsingle-precision-constant -mcpu=cortex-m4 -mfpu=fpv4-sp-d16 -mfloat-abi=softfp -mthumb -D__NEWLIB__ -MMD -MP -MF"src/conncomp.d" -MT"src/conncomp.o" -MT"src/conncomp.d" -o "src/conncomp.o" "../src/conncomp.cpp"
../src/conncomp.cpp:91:1: warning: deprecated conversion from string constant to 'char*' [-Wwrite-strings]
 };
 ^
../src/conncomp.cpp:91:1: warning: deprecated conversion from string constant to 'char*' [-Wwrite-strings]
../src/conncomp.cpp:91:1: warning: deprecated conversion from string constant to 'char*' [-Wwrite-strings]
../src/conncomp.cpp:91:1: warning: deprecated conversion from string constant to 'char*' [-Wwrite-strings]
../src/conncomp.cpp:91:1: warning: deprecated conversion from string constant to 'char*' [-Wwrite-strings]
../src/conncomp.cpp:91:1: warning: deprecated conversion from string constant to 'char*' [-Wwrite-strings]
../src/conncomp.cpp:91:1: warning: deprecated conversion from string constant to 'char*' [-Wwrite-strings]
../src/conncomp.cpp:91:1: warning: deprecated conversion from string constant to 'char*' [-Wwrite-strings]
../src/conncomp.cpp:91:1: warning: deprecated conversion from string constant to 'char*' [-Wwrite-strings]
../src/conncomp.cpp:91:1: warning: deprecated conversion from string constant to 'char*' [-Wwrite-strings]
../src/conncomp.cpp:91:1: warning: deprecated conversion from string constant to 'char*' [-Wwrite-strings]
../src/conncomp.cpp:91:1: warning: deprecated conversion from string constant to 'char*' [-Wwrite-strings]
Finished building: ../src/conncomp.cpp
 
Building file: ../src/cr_cpp_config.cpp
Invoking: MCU C++ Compiler
arm-none-eabi-c++ -D__MULTICORE_MASTER -DIPC_MASTER -DPIXY -D__NEWLIB__ -DNDEBUG -D__CODE_RED -DCORE_M4 -DCPP_USE_HEAP -D__LPC43XX__ -DLPC43_MULTICORE_M0APP -I"C:\CharmedLabs\cmucam\lpcxpresso\video\inc" -I"C:\CharmedLabs\cmucam\lpcxpresso\pixy_m4\inc" -O1 -Os -g -Wall -c -fmessage-length=0 -fno-builtin -ffunction-sections -fdata-sections -fno-rtti -fno-exceptions -fsingle-precision-constant -mcpu=cortex-m4 -mfpu=fpv4-sp-d16 -mfloat-abi=softfp -mthumb -D__NEWLIB__ -MMD -MP -MF"src/cr_cpp_config.d" -MT"src/cr_cpp_config.o" -MT"src/cr_cpp_config.d" -o "src/cr_cpp_config.o" "../src/cr_cpp_config.cpp"
Finished building: ../src/cr_cpp_config.cpp
 
Building file: ../src/cr_start_m0.c
Invoking: MCU C Compiler
arm-none-eabi-gcc -D__NEWLIB__ -DIPC_MASTER -DPIXY -D__MULTICORE_MASTER -DNDEBUG -D__CODE_RED -DCORE_M4 -DCPP_USE_HEAP -D__LPC43XX__ -DLPC43_MULTICORE_M0APP -I"C:\CharmedLabs\cmucam\lpcxpresso\video\inc" -I"C:\CharmedLabs\cmucam\lpcxpresso\pixy_m4\inc" -Og -g3 -Wall -c -fmessage-length=0 -fno-builtin -ffunction-sections -fdata-sections -fsingle-precision-constant -mcpu=cortex-m4 -mfpu=fpv4-sp-d16 -mfloat-abi=softfp -mthumb -D__NEWLIB__ -MMD -MP -MF"src/cr_start_m0.d" -MT"src/cr_start_m0.d" -o "src/cr_start_m0.o" "../src/cr_start_m0.c"
Finished building: ../src/cr_start_m0.c
 
Building file: ../src/cr_startup_lpc43xx.cpp
Invoking: MCU C++ Compiler
arm-none-eabi-c++ -D__MULTICORE_MASTER -DIPC_MASTER -DPIXY -D__NEWLIB__ -DNDEBUG -D__CODE_RED -DCORE_M4 -DCPP_USE_HEAP -D__LPC43XX__ -DLPC43_MULTICORE_M0APP -I"C:\CharmedLabs\cmucam\lpcxpresso\video\inc" -I"C:\CharmedLabs\cmucam\lpcxpresso\pixy_m4\inc" -O1 -Os -g -Wall -c -fmessage-length=0 -fno-builtin -ffunction-sections -fdata-sections -fno-rtti -fno-exceptions -fsingle-precision-constant -mcpu=cortex-m4 -mfpu=fpv4-sp-d16 -mfloat-abi=softfp -mthumb -D__NEWLIB__ -MMD -MP -MF"src/cr_startup_lpc43xx.d" -MT"src/cr_startup_lpc43xx.o" -MT"src/cr_startup_lpc43xx.d" -o "src/cr_startup_lpc43xx.o" "../src/cr_startup_lpc43xx.cpp"
Finished building: ../src/cr_startup_lpc43xx.cpp
 
Building file: ../src/crp.c
Invoking: MCU C Compiler
arm-none-eabi-gcc -D__NEWLIB__ -DIPC_MASTER -DPIXY -D__MULTICORE_MASTER -DNDEBUG -D__CODE_RED -DCORE_M4 -DCPP_USE_HEAP -D__LPC43XX__ -DLPC43_MULTICORE_M0APP -I"C:\CharmedLabs\cmucam\lpcxpresso\video\inc" -I"C:\CharmedLabs\cmucam\lpcxpresso\pixy_m4\inc" -Og -g -Wall -c -fmessage-length=0 -fno-builtin -ffunction-sections -fdata-sections -fsingle-precision-constant -mcpu=cortex-m4 -mfpu=fpv4-sp-d16 -mfloat-abi=softfp -mthumb -D__NEWLIB__ -MMD -MP -MF"src/crp.d" -MT"src/crp.o" -MT"src/crp.d" -o "src/crp.o" "../src/crp.c"
Finished building: ../src/crp.c
 
Building file: ../src/exec.cpp
Invoking: MCU C++ Compiler
arm-none-eabi-c++ -D__MULTICORE_MASTER -DIPC_MASTER -DPIXY -D__NEWLIB__ -DNDEBUG -D__CODE_RED -DCORE_M4 -DCPP_USE_HEAP -D__LPC43XX__ -DLPC43_MULTICORE_M0APP -I"C:\CharmedLabs\cmucam\lpcxpresso\video\inc" -I"C:\CharmedLabs\cmucam\lpcxpresso\pixy_m4\inc" -O1 -Os -g -Wall -c -fmessage-length=0 -fno-builtin -ffunction-sections -fdata-sections -fno-rtti -fno-exceptions -fsingle-precision-constant -mcpu=cortex-m4 -mfpu=fpv4-sp-d16 -mfloat-abi=softfp -mthumb -D__NEWLIB__ -MMD -MP -MF"src/exec.d" -MT"src/exec.o" -MT"src/exec.d" -o "src/exec.o" "../src/exec.cpp"
../src/exec.cpp:84:1: warning: deprecated conversion from string constant to 'char*' [-Wwrite-strings]
 };
 ^
../src/exec.cpp:84:1: warning: deprecated conversion from string constant to 'char*' [-Wwrite-strings]
../src/exec.cpp:84:1: warning: deprecated conversion from string constant to 'char*' [-Wwrite-strings]
../src/exec.cpp:84:1: warning: deprecated conversion from string constant to 'char*' [-Wwrite-strings]
../src/exec.cpp:84:1: warning: deprecated conversion from string constant to 'char*' [-Wwrite-strings]
../src/exec.cpp:84:1: warning: deprecated conversion from string constant to 'char*' [-Wwrite-strings]
../src/exec.cpp:84:1: warning: deprecated conversion from string constant to 'char*' [-Wwrite-strings]
../src/exec.cpp:84:1: warning: deprecated conversion from string constant to 'char*' [-Wwrite-strings]
../src/exec.cpp:84:1: warning: deprecated conversion from string constant to 'char*' [-Wwrite-strings]
../src/exec.cpp:84:1: warning: deprecated conversion from string constant to 'char*' [-Wwrite-strings]
../src/exec.cpp:84:1: warning: deprecated conversion from string constant to 'char*' [-Wwrite-strings]
../src/exec.cpp:84:1: warning: deprecated conversion from string constant to 'char*' [-Wwrite-strings]
../src/exec.cpp:84:1: warning: deprecated conversion from string constant to 'char*' [-Wwrite-strings]
../src/exec.cpp:84:1: warning: deprecated conversion from string constant to 'char*' [-Wwrite-strings]
Finished building: ../src/exec.cpp
 
Building file: ../src/flash.cpp
Invoking: MCU C++ Compiler
arm-none-eabi-c++ -D__MULTICORE_MASTER -DIPC_MASTER -DPIXY -D__NEWLIB__ -DNDEBUG -D__CODE_RED -DCORE_M4 -DCPP_USE_HEAP -D__LPC43XX__ -DLPC43_MULTICORE_M0APP -I"C:\CharmedLabs\cmucam\lpcxpresso\video\inc" -I"C:\CharmedLabs\cmucam\lpcxpresso\pixy_m4\inc" -O1 -Os -g -Wall -c -fmessage-length=0 -fno-builtin -ffunction-sections -fdata-sections -fno-rtti -fno-exceptions -fsingle-precision-constant -mcpu=cortex-m4 -mfpu=fpv4-sp-d16 -mfloat-abi=softfp -mthumb -D__NEWLIB__ -MMD -MP -MF"src/flash.d" -MT"src/flash.o" -MT"src/flash.d" -o "src/flash.o" "../src/flash.cpp"
In file included from ../src/flash.cpp:17:0:
../src/flash.cpp: In function 'int32_t flash_erase(uint32_t, uint32_t)':
../src/flash.cpp:43:32: warning: suggest parentheses around '+' in operand of '&' [-Wparentheses]
   addr = FLASH_SECTOR_MASK(addr+i);
                                ^
C:\CharmedLabs\cmucam\lpcxpresso\video\inc/flash.h:23:33: note: in definition of macro 'FLASH_SECTOR_MASK'
 #define FLASH_SECTOR_MASK(a)   (a&(~(FLASH_SECTOR_SIZE-1)))
                                 ^
Finished building: ../src/flash.cpp
 
Building file: ../src/i2c.cpp
Invoking: MCU C++ Compiler
arm-none-eabi-c++ -D__MULTICORE_MASTER -DIPC_MASTER -DPIXY -D__NEWLIB__ -DNDEBUG -D__CODE_RED -DCORE_M4 -DCPP_USE_HEAP -D__LPC43XX__ -DLPC43_MULTICORE_M0APP -I"C:\CharmedLabs\cmucam\lpcxpresso\video\inc" -I"C:\CharmedLabs\cmucam\lpcxpresso\pixy_m4\inc" -O1 -Os -g -Wall -c -fmessage-length=0 -fno-builtin -ffunction-sections -fdata-sections -fno-rtti -fno-exceptions -fsingle-precision-constant -mcpu=cortex-m4 -mfpu=fpv4-sp-d16 -mfloat-abi=softfp -mthumb -D__NEWLIB__ -MMD -MP -MF"src/i2c.d" -MT"src/i2c.o" -MT"src/i2c.d" -o "src/i2c.o" "../src/i2c.cpp"
Finished building: ../src/i2c.cpp
 
Building file: ../src/lpc43xx_i2c.c
Invoking: MCU C Compiler
arm-none-eabi-gcc -D__NEWLIB__ -DIPC_MASTER -DPIXY -D__MULTICORE_MASTER -DNDEBUG -D__CODE_RED -DCORE_M4 -DCPP_USE_HEAP -D__LPC43XX__ -DLPC43_MULTICORE_M0APP -I"C:\CharmedLabs\cmucam\lpcxpresso\video\inc" -I"C:\CharmedLabs\cmucam\lpcxpresso\pixy_m4\inc" -Og -g -Wall -c -fmessage-length=0 -fno-builtin -ffunction-sections -fdata-sections -fsingle-precision-constant -mcpu=cortex-m4 -mfpu=fpv4-sp-d16 -mfloat-abi=softfp -mthumb -D__NEWLIB__ -MMD -MP -MF"src/lpc43xx_i2c.d" -MT"src/lpc43xx_i2c.o" -MT"src/lpc43xx_i2c.d" -o "src/lpc43xx_i2c.o" "../src/lpc43xx_i2c.c"
Finished building: ../src/lpc43xx_i2c.c
 
Building file: ../src/main_m4.cpp
Invoking: MCU C++ Compiler
arm-none-eabi-c++ -D__MULTICORE_MASTER -DIPC_MASTER -DPIXY -D__NEWLIB__ -DNDEBUG -D__CODE_RED -DCORE_M4 -DCPP_USE_HEAP -D__LPC43XX__ -DLPC43_MULTICORE_M0APP -I"C:\CharmedLabs\cmucam\lpcxpresso\video\inc" -I"C:\CharmedLabs\cmucam\lpcxpresso\pixy_m4\inc" -O1 -Os -g -Wall -c -fmessage-length=0 -fno-builtin -ffunction-sections -fdata-sections -fno-rtti -fno-exceptions -fsingle-precision-constant -mcpu=cortex-m4 -mfpu=fpv4-sp-d16 -mfloat-abi=softfp -mthumb -D__NEWLIB__ -MMD -MP -MF"src/main_m4.d" -MT"src/main_m4.o" -MT"src/main_m4.d" -o "src/main_m4.o" "../src/main_m4.cpp"
Finished building: ../src/main_m4.cpp
 
Building file: ../src/progblobs.cpp
Invoking: MCU C++ Compiler
arm-none-eabi-c++ -D__MULTICORE_MASTER -DIPC_MASTER -DPIXY -D__NEWLIB__ -DNDEBUG -D__CODE_RED -DCORE_M4 -DCPP_USE_HEAP -D__LPC43XX__ -DLPC43_MULTICORE_M0APP -I"C:\CharmedLabs\cmucam\lpcxpresso\video\inc" -I"C:\CharmedLabs\cmucam\lpcxpresso\pixy_m4\inc" -O1 -Os -g -Wall -c -fmessage-length=0 -fno-builtin -ffunction-sections -fdata-sections -fno-rtti -fno-exceptions -fsingle-precision-constant -mcpu=cortex-m4 -mfpu=fpv4-sp-d16 -mfloat-abi=softfp -mthumb -D__NEWLIB__ -MMD -MP -MF"src/progblobs.d" -MT"src/progblobs.o" -MT"src/progblobs.d" -o "src/progblobs.o" "../src/progblobs.cpp"
../src/progblobs.cpp:30:1: warning: deprecated conversion from string constant to 'char*' [-Wwrite-strings]
 };
 ^
../src/progblobs.cpp:30:1: warning: deprecated conversion from string constant to 'char*' [-Wwrite-strings]
Finished building: ../src/progblobs.cpp
 
Building file: ../src/progpt.cpp
Invoking: MCU C++ Compiler
arm-none-eabi-c++ -D__MULTICORE_MASTER -DIPC_MASTER -DPIXY -D__NEWLIB__ -DNDEBUG -D__CODE_RED -DCORE_M4 -DCPP_USE_HEAP -D__LPC43XX__ -DLPC43_MULTICORE_M0APP -I"C:\CharmedLabs\cmucam\lpcxpresso\video\inc" -I"C:\CharmedLabs\cmucam\lpcxpresso\pixy_m4\inc" -O1 -Os -g -Wall -c -fmessage-length=0 -fno-builtin -ffunction-sections -fdata-sections -fno-rtti -fno-exceptions -fsingle-precision-constant -mcpu=cortex-m4 -mfpu=fpv4-sp-d16 -mfloat-abi=softfp -mthumb -D__NEWLIB__ -MMD -MP -MF"src/progpt.d" -MT"src/progpt.o" -MT"src/progpt.d" -o "src/progpt.o" "../src/progpt.cpp"
../src/progpt.cpp:36:1: warning: deprecated conversion from string constant to 'char*' [-Wwrite-strings]
 };
 ^
../src/progpt.cpp:36:1: warning: deprecated conversion from string constant to 'char*' [-Wwrite-strings]
../src/progpt.cpp: In member function 'void ServoLoop::update(int32_t)':
../src/progpt.cpp:55:19: warning: comparison between signed and unsigned integer expressions [-Wsign-compare]
  if (m_prevError!=0x80000000)
                   ^
Finished building: ../src/progpt.cpp
 
Building file: ../src/progvideo.cpp
Invoking: MCU C++ Compiler
arm-none-eabi-c++ -D__MULTICORE_MASTER -DIPC_MASTER -DPIXY -D__NEWLIB__ -DNDEBUG -D__CODE_RED -DCORE_M4 -DCPP_USE_HEAP -D__LPC43XX__ -DLPC43_MULTICORE_M0APP -I"C:\CharmedLabs\cmucam\lpcxpresso\video\inc" -I"C:\CharmedLabs\cmucam\lpcxpresso\pixy_m4\inc" -O1 -Os -g -Wall -c -fmessage-length=0 -fno-builtin -ffunction-sections -fdata-sections -fno-rtti -fno-exceptions -fsingle-precision-constant -mcpu=cortex-m4 -mfpu=fpv4-sp-d16 -mfloat-abi=softfp -mthumb -D__NEWLIB__ -MMD -MP -MF"src/progvideo.d" -MT"src/progvideo.o" -MT"src/progvideo.d" -o "src/progvideo.o" "../src/progvideo.cpp"
../src/progvideo.cpp:33:1: warning: deprecated conversion from string constant to 'char*' [-Wwrite-strings]
 };
 ^
../src/progvideo.cpp:33:1: warning: deprecated conversion from string constant to 'char*' [-Wwrite-strings]
Finished building: ../src/progvideo.cpp
 
Building file: ../src/qqueue.cpp
Invoking: MCU C++ Compiler
arm-none-eabi-c++ -D__MULTICORE_MASTER -DIPC_MASTER -DPIXY -D__NEWLIB__ -DNDEBUG -D__CODE_RED -DCORE_M4 -DCPP_USE_HEAP -D__LPC43XX__ -DLPC43_MULTICORE_M0APP -I"C:\CharmedLabs\cmucam\lpcxpresso\video\inc" -I"C:\CharmedLabs\cmucam\lpcxpresso\pixy_m4\inc" -O1 -Os -g -Wall -c -fmessage-length=0 -fno-builtin -ffunction-sections -fdata-sections -fno-rtti -fno-exceptions -fsingle-precision-constant -mcpu=cortex-m4 -mfpu=fpv4-sp-d16 -mfloat-abi=softfp -mthumb -D__NEWLIB__ -MMD -MP -MF"src/qqueue.d" -MT"src/qqueue.o" -MT"src/qqueue.d" -o "src/qqueue.o" "../src/qqueue.cpp"
Finished building: ../src/qqueue.cpp
 
Building file: ../src/serial.cpp
Invoking: MCU C++ Compiler
arm-none-eabi-c++ -D__MULTICORE_MASTER -DIPC_MASTER -DPIXY -D__NEWLIB__ -DNDEBUG -D__CODE_RED -DCORE_M4 -DCPP_USE_HEAP -D__LPC43XX__ -DLPC43_MULTICORE_M0APP -I"C:\CharmedLabs\cmucam\lpcxpresso\video\inc" -I"C:\CharmedLabs\cmucam\lpcxpresso\pixy_m4\inc" -O1 -Os -g -Wall -c -fmessage-length=0 -fno-builtin -ffunction-sections -fdata-sections -fno-rtti -fno-exceptions -fsingle-precision-constant -mcpu=cortex-m4 -mfpu=fpv4-sp-d16 -mfloat-abi=softfp -mthumb -D__NEWLIB__ -MMD -MP -MF"src/serial.d" -MT"src/serial.o" -MT"src/serial.d" -o "src/serial.o" "../src/serial.cpp"
Finished building: ../src/serial.cpp
 
Building file: ../src/spi.cpp
Invoking: MCU C++ Compiler
arm-none-eabi-c++ -D__MULTICORE_MASTER -DIPC_MASTER -DPIXY -D__NEWLIB__ -DNDEBUG -D__CODE_RED -DCORE_M4 -DCPP_USE_HEAP -D__LPC43XX__ -DLPC43_MULTICORE_M0APP -I"C:\CharmedLabs\cmucam\lpcxpresso\video\inc" -I"C:\CharmedLabs\cmucam\lpcxpresso\pixy_m4\inc" -O1 -Os -g -Wall -c -fmessage-length=0 -fno-builtin -ffunction-sections -fdata-sections -fno-rtti -fno-exceptions -fsingle-precision-constant -mcpu=cortex-m4 -mfpu=fpv4-sp-d16 -mfloat-abi=softfp -mthumb -D__NEWLIB__ -MMD -MP -MF"src/spi.d" -MT"src/spi.o" -MT"src/spi.d" -o "src/spi.o" "../src/spi.cpp"
../src/spi.cpp: In constructor 'Spi::Spi(SerialCallback)':
../src/spi.cpp:198:20: warning: variable 'd' set but not used [-Wunused-but-set-variable]
  volatile uint32_t d;
                    ^
Finished building: ../src/spi.cpp
 
Building file: ../src/system_LPC43xx.c
Invoking: MCU C Compiler
arm-none-eabi-gcc -D__NEWLIB__ -DIPC_MASTER -DPIXY -D__MULTICORE_MASTER -DNDEBUG -D__CODE_RED -DCORE_M4 -DCPP_USE_HEAP -D__LPC43XX__ -DLPC43_MULTICORE_M0APP -I"C:\CharmedLabs\cmucam\lpcxpresso\video\inc" -I"C:\CharmedLabs\cmucam\lpcxpresso\pixy_m4\inc" -Og -g -Wall -c -fmessage-length=0 -fno-builtin -ffunction-sections -fdata-sections -fsingle-precision-constant -mcpu=cortex-m4 -mfpu=fpv4-sp-d16 -mfloat-abi=softfp -mthumb -D__NEWLIB__ -MMD -MP -MF"src/system_LPC43xx.d" -MT"src/system_LPC43xx.o" -MT"src/system_LPC43xx.d" -o "src/system_LPC43xx.o" "../src/system_LPC43xx.c"
Finished building: ../src/system_LPC43xx.c
 
Building file: ../src/uart.cpp
Invoking: MCU C++ Compiler
arm-none-eabi-c++ -D__MULTICORE_MASTER -DIPC_MASTER -DPIXY -D__NEWLIB__ -DNDEBUG -D__CODE_RED -DCORE_M4 -DCPP_USE_HEAP -D__LPC43XX__ -DLPC43_MULTICORE_M0APP -I"C:\CharmedLabs\cmucam\lpcxpresso\video\inc" -I"C:\CharmedLabs\cmucam\lpcxpresso\pixy_m4\inc" -O1 -Os -g -Wall -c -fmessage-length=0 -fno-builtin -ffunction-sections -fdata-sections -fno-rtti -fno-exceptions -fsingle-precision-constant -mcpu=cortex-m4 -mfpu=fpv4-sp-d16 -mfloat-abi=softfp -mthumb -D__NEWLIB__ -MMD -MP -MF"src/uart.d" -MT"src/uart.o" -MT"src/uart.d" -o "src/uart.o" "../src/uart.cpp"
../src/uart.cpp: In member function 'void Uart::irqHandler()':
../src/uart.cpp:34:20: warning: variable 'v' set but not used [-Wunused-but-set-variable]
  volatile uint32_t v;
                    ^
Finished building: ../src/uart.cpp
 
Building target: video.axf
Invoking: MCU C++ Linker
arm-none-eabi-c++ -nostdlib -L"C:\CharmedLabs\cmucam\lpcxpresso\video\src" -L"C:\CharmedLabs\cmucam\lpcxpresso\pixy_m4\Release" -Xlinker -Map="video.map" -Xlinker --gc-sections -mcpu=cortex-m4 -mfpu=fpv4-sp-d16 -mfloat-abi=softfp -mthumb -T ../linkscripts/link_template.ld -o "video.axf"  ./src/analogdig.o ./src/blob.o ./src/blobs.o ./src/button.o ./src/colorlut.o ./src/conncomp.o ./src/cr_cpp_config.o ./src/cr_start_m0.o ./src/cr_startup_lpc43xx.o ./src/crp.o ./src/exec.o ./src/flash.o ./src/i2c.o ./src/lpc43xx_i2c.o ./src/main_m4.o ./src/progblobs.o ./src/progpt.o ./src/progvideo.o ./src/qqueue.o ./src/serial.o ./src/spi.o ./src/system_LPC43xx.o ./src/uart.o  C:/CharmedLabs/cmucam/lpcxpresso/m0/Release/m0.axf.o -lfalcon_m4_spifi_drv -lpixy_m4
c:/nxp/lpcxpresso_7.3.0_186/lpcxpresso/tools/bin/../lib/gcc/arm-none-eabi/4.8.4/../../../../arm-none-eabi/bin/ld.exe: warning: C:\CharmedLabs\cmucam\lpcxpresso\video\src\libfalcon_m4_spifi_drv.a(spifi_rom_api.o) uses 2-byte wchar_t yet the output is to use 4-byte wchar_t; use of wchar_t values across objects may fail
c:/nxp/lpcxpresso_7.3.0_186/lpcxpresso/tools/bin/../lib/gcc/arm-none-eabi/4.8.4/../../../../arm-none-eabi/bin/ld.exe: warning: C:\CharmedLabs\cmucam\lpcxpresso\video\src\libfalcon_m4_spifi_drv.a(falcon_details.o) uses 2-byte wchar_t yet the output is to use 4-byte wchar_t; use of wchar_t values across objects may fail
c:/nxp/lpcxpresso_7.3.0_186/lpcxpresso/tools/bin/../lib/gcc/arm-none-eabi/4.8.4/../../../../arm-none-eabi/bin/ld.exe: warning: C:\CharmedLabs\cmucam\lpcxpresso\video\src\libfalcon_m4_spifi_drv.a(amic.o) uses 2-byte wchar_t yet the output is to use 4-byte wchar_t; use of wchar_t values across objects may fail
c:/nxp/lpcxpresso_7.3.0_186/lpcxpresso/tools/bin/../lib/gcc/arm-none-eabi/4.8.4/../../../../arm-none-eabi/bin/ld.exe: warning: C:\CharmedLabs\cmucam\lpcxpresso\video\src\libfalcon_m4_spifi_drv.a(atmel.o) uses 2-byte wchar_t yet the output is to use 4-byte wchar_t; use of wchar_t values across objects may fail
c:/nxp/lpcxpresso_7.3.0_186/lpcxpresso/tools/bin/../lib/gcc/arm-none-eabi/4.8.4/../../../../arm-none-eabi/bin/ld.exe: warning: C:\CharmedLabs\cmucam\lpcxpresso\video\src\libfalcon_m4_spifi_drv.a(chi.o) uses 2-byte wchar_t yet the output is to use 4-byte wchar_t; use of wchar_t values across objects may fail
c:/nxp/lpcxpresso_7.3.0_186/lpcxpresso/tools/bin/../lib/gcc/arm-none-eabi/4.8.4/../../../../arm-none-eabi/bin/ld.exe: warning: C:\CharmedLabs\cmucam\lpcxpresso\video\src\libfalcon_m4_spifi_drv.a(eon.o) uses 2-byte wchar_t yet the output is to use 4-byte wchar_t; use of wchar_t values across objects may fail
c:/nxp/lpcxpresso_7.3.0_186/lpcxpresso/tools/bin/../lib/gcc/arm-none-eabi/4.8.4/../../../../arm-none-eabi/bin/ld.exe: warning: C:\CharmedLabs\cmucam\lpcxpresso\video\src\libfalcon_m4_spifi_drv.a(esmt.o) uses 2-byte wchar_t yet the output is to use 4-byte wchar_t; use of wchar_t values across objects may fail
c:/nxp/lpcxpresso_7.3.0_186/lpcxpresso/tools/bin/../lib/gcc/arm-none-eabi/4.8.4/../../../../arm-none-eabi/bin/ld.exe: warning: C:\CharmedLabs\cmucam\lpcxpresso\video\src\libfalcon_m4_spifi_drv.a(giga.o) uses 2-byte wchar_t yet the output is to use 4-byte wchar_t; use of wchar_t values across objects may fail
c:/nxp/lpcxpresso_7.3.0_186/lpcxpresso/tools/bin/../lib/gcc/arm-none-eabi/4.8.4/../../../../arm-none-eabi/bin/ld.exe: warning: C:\CharmedLabs\cmucam\lpcxpresso\video\src\libfalcon_m4_spifi_drv.a(macronix.o) uses 2-byte wchar_t yet the output is to use 4-byte wchar_t; use of wchar_t values across objects may fail
c:/nxp/lpcxpresso_7.3.0_186/lpcxpresso/tools/bin/../lib/gcc/arm-none-eabi/4.8.4/../../../../arm-none-eabi/bin/ld.exe: warning: C:\CharmedLabs\cmucam\lpcxpresso\video\src\libfalcon_m4_spifi_drv.a(numonyx.o) uses 2-byte wchar_t yet the output is to use 4-byte wchar_t; use of wchar_t values across objects may fail
c:/nxp/lpcxpresso_7.3.0_186/lpcxpresso/tools/bin/../lib/gcc/arm-none-eabi/4.8.4/../../../../arm-none-eabi/bin/ld.exe: warning: C:\CharmedLabs\cmucam\lpcxpresso\video\src\libfalcon_m4_spifi_drv.a(spansion.o) uses 2-byte wchar_t yet the output is to use 4-byte wchar_t; use of wchar_t values across objects may fail
c:/nxp/lpcxpresso_7.3.0_186/lpcxpresso/tools/bin/../lib/gcc/arm-none-eabi/4.8.4/../../../../arm-none-eabi/bin/ld.exe: warning: C:\CharmedLabs\cmucam\lpcxpresso\video\src\libfalcon_m4_spifi_drv.a(sst.o) uses 2-byte wchar_t yet the output is to use 4-byte wchar_t; use of wchar_t values across objects may fail
c:/nxp/lpcxpresso_7.3.0_186/lpcxpresso/tools/bin/../lib/gcc/arm-none-eabi/4.8.4/../../../../arm-none-eabi/bin/ld.exe: warning: C:\CharmedLabs\cmucam\lpcxpresso\video\src\libfalcon_m4_spifi_drv.a(winbond.o) uses 2-byte wchar_t yet the output is to use 4-byte wchar_t; use of wchar_t values across objects may fail
Finished building target: video.axf
 
make --no-print-directory post-build
Performing post-build steps
arm-none-eabi-size "video.axf" ; arm-none-eabi-objcopy -v -O binary "video.axf" "video.bin" ; checksum -p LPC4330 -d "video.bin" ; arm-none-eabi-objcopy -I binary -O ihex video.bin video.hex
   text	   data	    bss	    dec	    hex	filename
 100044	   2320	   4988	 107352	  1a358	video.axf
copy from `video.axf' [elf32-littlearm] to `video.bin' [binary]
Created checksum 0x8ffdd4e2 at offset 0x1c in file video.bin 
19:13:30 **** Incremental Build of configuration Release for project pixy_m0 ****
make all 
make: Nothing to be done for `all'.
19:13:32 **** Incremental Build of configuration Release for project m0 ****
make all 
make: Nothing to be done for `all'.
19:13:33 **** Incremental Build of configuration Release for project pixy_m4 ****
make all 
make: Nothing to be done for `all'.
19:13:36 **** Incremental Build of configuration Release for project video ****
make all 
make: Nothing to be done for `all'.
19:16:16 **** Incremental Build of configuration Release for project pixy_m0 ****
make all 
make: Nothing to be done for `all'.
19:16:19 **** Incremental Build of configuration Release for project m0 ****
make all 
make: Nothing to be done for `all'.
19:16:20 **** Incremental Build of configuration Release for project pixy_m4 ****
make all 
Building file: ../src/led.cpp
Invoking: MCU C++ Compiler
arm-none-eabi-c++ -D__MULTICORE_NONE -DIPC_MASTER -DPIXY -D__NEWLIB__ -DNDEBUG -D__CODE_RED -DCORE_M4 -D__LPC43XX__ -I"C:\CharmedLabs\cmucam\lpcxpresso\pixy_m4\inc" -I"C:\CharmedLabs\cmucam\lpcxpresso\video\inc" -Os -Os -g -Wall -c -fmessage-length=0 -fno-builtin -ffunction-sections -fdata-sections -fno-rtti -fno-exceptions -fsingle-precision-constant -mcpu=cortex-m4 -mfpu=fpv4-sp-d16 -mfloat-abi=softfp -mthumb -D__NEWLIB__ -MMD -MP -MF"src/led.d" -MT"src/led.o" -MT"src/led.d" -o "src/led.o" "../src/led.cpp"
../src/led.cpp:64:1: warning: deprecated conversion from string constant to 'char*' [-Wwrite-strings]
 }; 
 ^
../src/led.cpp:64:1: warning: deprecated conversion from string constant to 'char*' [-Wwrite-strings]
../src/led.cpp:64:1: warning: deprecated conversion from string constant to 'char*' [-Wwrite-strings]
../src/led.cpp:64:1: warning: deprecated conversion from string constant to 'char*' [-Wwrite-strings]
../src/led.cpp:64:1: warning: deprecated conversion from string constant to 'char*' [-Wwrite-strings]
../src/led.cpp:64:1: warning: deprecated conversion from string constant to 'char*' [-Wwrite-strings]
../src/led.cpp:64:1: warning: deprecated conversion from string constant to 'char*' [-Wwrite-strings]
../src/led.cpp:64:1: warning: deprecated conversion from string constant to 'char*' [-Wwrite-strings]
Finished building: ../src/led.cpp
 
Building target: libpixy_m4.a
Invoking: MCU Archiver
arm-none-eabi-ar -r  "libpixy_m4.a"  ./src/camera.o ./src/chirp.o ./src/crp.o ./src/debug_frmwrk.o ./src/fpu_init.o ./src/ipc_mbx.o ./src/led.o ./src/lpc43xx_adc.o ./src/lpc43xx_cgu.o ./src/lpc43xx_scu.o ./src/lpc43xx_ssp.o ./src/lpc43xx_uart.o ./src/misc.o ./src/param.o ./src/pixy_init.o ./src/platform_config.o ./src/power.o ./src/rcservo.o ./src/sccb.o ./src/smlink.o ./src/usbcore.o ./src/usbdesc.o ./src/usbhw.o ./src/usblink.o ./src/usbuser.o   
c:\nxp\LPCXpresso_7.3.0_186\lpcxpresso\tools\bin\arm-none-eabi-ar.exe: creating libpixy_m4.a
Finished building target: libpixy_m4.a
 
make --no-print-directory post-build
Performing post-build steps
arm-none-eabi-size "libpixy_m4.a" ; # arm-none-eabi-objdump -h -S "libpixy_m4.a" >"libpixy_m4.lss"
   text	   data	    bss	    dec	    hex	filename
   4158	     10	     13	   4181	   1055	camera.o (ex libpixy_m4.a)
   4444	      0	      0	   4444	   115c	chirp.o (ex libpixy_m4.a)
      4	      0	      0	      4	      4	crp.o (ex libpixy_m4.a)
   1240	      0	      0	   1240	    4d8	debug_frmwrk.o (ex libpixy_m4.a)
     88	      0	      0	     88	     58	fpu_init.o (ex libpixy_m4.a)
    700	      0	      0	    700	    2bc	ipc_mbx.o (ex libpixy_m4.a)
   1609	      0	     33	   1642	    66a	led.o (ex libpixy_m4.a)
    308	      0	      0	    308	    134	lpc43xx_adc.o (ex libpixy_m4.a)
   3176	     68	      0	   3244	    cac	lpc43xx_cgu.o (ex libpixy_m4.a)
     24	      0	      0	     24	     18	lpc43xx_scu.o (ex libpixy_m4.a)
    960	      0	      0	    960	    3c0	lpc43xx_ssp.o (ex libpixy_m4.a)
   1984	      0	      0	   1984	    7c0	lpc43xx_uart.o (ex libpixy_m4.a)
    288	      0	      4	    292	    124	misc.o (ex libpixy_m4.a)
   1902	      0	      1	   1903	    76f	param.o (ex libpixy_m4.a)
    931	      0	     13	    944	    3b0	pixy_init.o (ex libpixy_m4.a)
    944	      0	      0	    944	    3b0	platform_config.o (ex libpixy_m4.a)
    553	      0	      0	    553	    229	power.o (ex libpixy_m4.a)
   2239	      0	     12	   2251	    8cb	rcservo.o (ex libpixy_m4.a)
    558	      0	      0	    558	    22e	sccb.o (ex libpixy_m4.a)
    296	      0	      0	    296	    128	smlink.o (ex libpixy_m4.a)
   3780	      0	      0	   3780	    ec4	usbcore.o (ex libpixy_m4.a)
    312	      0	      0	    312	    138	usbdesc.o (ex libpixy_m4.a)
   1904	      0	     20	   1924	    784	usbhw.o (ex libpixy_m4.a)
    424	      0	     68	    492	    1ec	usblink.o (ex libpixy_m4.a)
    596	      0	     38	    634	    27a	usbuser.o (ex libpixy_m4.a)
 
19:16:26 **** Incremental Build of configuration Release for project video ****
make all 
Building target: video.axf
Invoking: MCU C++ Linker
arm-none-eabi-c++ -nostdlib -L"C:\CharmedLabs\cmucam\lpcxpresso\video\src" -L"C:\CharmedLabs\cmucam\lpcxpresso\pixy_m4\Release" -Xlinker -Map="video.map" -Xlinker --gc-sections -mcpu=cortex-m4 -mfpu=fpv4-sp-d16 -mfloat-abi=softfp -mthumb -T ../linkscripts/link_template.ld -o "video.axf"  ./src/analogdig.o ./src/blob.o ./src/blobs.o ./src/button.o ./src/colorlut.o ./src/conncomp.o ./src/cr_cpp_config.o ./src/cr_start_m0.o ./src/cr_startup_lpc43xx.o ./src/crp.o ./src/exec.o ./src/flash.o ./src/i2c.o ./src/lpc43xx_i2c.o ./src/main_m4.o ./src/progblobs.o ./src/progpt.o ./src/progvideo.o ./src/qqueue.o ./src/serial.o ./src/spi.o ./src/system_LPC43xx.o ./src/uart.o  C:/CharmedLabs/cmucam/lpcxpresso/m0/Release/m0.axf.o -lfalcon_m4_spifi_drv -lpixy_m4
c:/nxp/lpcxpresso_7.3.0_186/lpcxpresso/tools/bin/../lib/gcc/arm-none-eabi/4.8.4/../../../../arm-none-eabi/bin/ld.exe: warning: C:\CharmedLabs\cmucam\lpcxpresso\video\src\libfalcon_m4_spifi_drv.a(spifi_rom_api.o) uses 2-byte wchar_t yet the output is to use 4-byte wchar_t; use of wchar_t values across objects may fail
c:/nxp/lpcxpresso_7.3.0_186/lpcxpresso/tools/bin/../lib/gcc/arm-none-eabi/4.8.4/../../../../arm-none-eabi/bin/ld.exe: warning: C:\CharmedLabs\cmucam\lpcxpresso\video\src\libfalcon_m4_spifi_drv.a(falcon_details.o) uses 2-byte wchar_t yet the output is to use 4-byte wchar_t; use of wchar_t values across objects may fail
c:/nxp/lpcxpresso_7.3.0_186/lpcxpresso/tools/bin/../lib/gcc/arm-none-eabi/4.8.4/../../../../arm-none-eabi/bin/ld.exe: warning: C:\CharmedLabs\cmucam\lpcxpresso\video\src\libfalcon_m4_spifi_drv.a(amic.o) uses 2-byte wchar_t yet the output is to use 4-byte wchar_t; use of wchar_t values across objects may fail
c:/nxp/lpcxpresso_7.3.0_186/lpcxpresso/tools/bin/../lib/gcc/arm-none-eabi/4.8.4/../../../../arm-none-eabi/bin/ld.exe: warning: C:\CharmedLabs\cmucam\lpcxpresso\video\src\libfalcon_m4_spifi_drv.a(atmel.o) uses 2-byte wchar_t yet the output is to use 4-byte wchar_t; use of wchar_t values across objects may fail
c:/nxp/lpcxpresso_7.3.0_186/lpcxpresso/tools/bin/../lib/gcc/arm-none-eabi/4.8.4/../../../../arm-none-eabi/bin/ld.exe: warning: C:\CharmedLabs\cmucam\lpcxpresso\video\src\libfalcon_m4_spifi_drv.a(chi.o) uses 2-byte wchar_t yet the output is to use 4-byte wchar_t; use of wchar_t values across objects may fail
c:/nxp/lpcxpresso_7.3.0_186/lpcxpresso/tools/bin/../lib/gcc/arm-none-eabi/4.8.4/../../../../arm-none-eabi/bin/ld.exe: warning: C:\CharmedLabs\cmucam\lpcxpresso\video\src\libfalcon_m4_spifi_drv.a(eon.o) uses 2-byte wchar_t yet the output is to use 4-byte wchar_t; use of wchar_t values across objects may fail
c:/nxp/lpcxpresso_7.3.0_186/lpcxpresso/tools/bin/../lib/gcc/arm-none-eabi/4.8.4/../../../../arm-none-eabi/bin/ld.exe: warning: C:\CharmedLabs\cmucam\lpcxpresso\video\src\libfalcon_m4_spifi_drv.a(esmt.o) uses 2-byte wchar_t yet the output is to use 4-byte wchar_t; use of wchar_t values across objects may fail
c:/nxp/lpcxpresso_7.3.0_186/lpcxpresso/tools/bin/../lib/gcc/arm-none-eabi/4.8.4/../../../../arm-none-eabi/bin/ld.exe: warning: C:\CharmedLabs\cmucam\lpcxpresso\video\src\libfalcon_m4_spifi_drv.a(giga.o) uses 2-byte wchar_t yet the output is to use 4-byte wchar_t; use of wchar_t values across objects may fail
c:/nxp/lpcxpresso_7.3.0_186/lpcxpresso/tools/bin/../lib/gcc/arm-none-eabi/4.8.4/../../../../arm-none-eabi/bin/ld.exe: warning: C:\CharmedLabs\cmucam\lpcxpresso\video\src\libfalcon_m4_spifi_drv.a(macronix.o) uses 2-byte wchar_t yet the output is to use 4-byte wchar_t; use of wchar_t values across objects may fail
c:/nxp/lpcxpresso_7.3.0_186/lpcxpresso/tools/bin/../lib/gcc/arm-none-eabi/4.8.4/../../../../arm-none-eabi/bin/ld.exe: warning: C:\CharmedLabs\cmucam\lpcxpresso\video\src\libfalcon_m4_spifi_drv.a(numonyx.o) uses 2-byte wchar_t yet the output is to use 4-byte wchar_t; use of wchar_t values across objects may fail
c:/nxp/lpcxpresso_7.3.0_186/lpcxpresso/tools/bin/../lib/gcc/arm-none-eabi/4.8.4/../../../../arm-none-eabi/bin/ld.exe: warning: C:\CharmedLabs\cmucam\lpcxpresso\video\src\libfalcon_m4_spifi_drv.a(spansion.o) uses 2-byte wchar_t yet the output is to use 4-byte wchar_t; use of wchar_t values across objects may fail
c:/nxp/lpcxpresso_7.3.0_186/lpcxpresso/tools/bin/../lib/gcc/arm-none-eabi/4.8.4/../../../../arm-none-eabi/bin/ld.exe: warning: C:\CharmedLabs\cmucam\lpcxpresso\video\src\libfalcon_m4_spifi_drv.a(sst.o) uses 2-byte wchar_t yet the output is to use 4-byte wchar_t; use of wchar_t values across objects may fail
c:/nxp/lpcxpresso_7.3.0_186/lpcxpresso/tools/bin/../lib/gcc/arm-none-eabi/4.8.4/../../../../arm-none-eabi/bin/ld.exe: warning: C:\CharmedLabs\cmucam\lpcxpresso\video\src\libfalcon_m4_spifi_drv.a(winbond.o) uses 2-byte wchar_t yet the output is to use 4-byte wchar_t; use of wchar_t values across objects may fail
Finished building target: video.axf
 
make --no-print-directory post-build
Performing post-build steps
arm-none-eabi-size "video.axf" ; arm-none-eabi-objcopy -v -O binary "video.axf" "video.bin" ; checksum -p LPC4330 -d "video.bin" ; arm-none-eabi-objcopy -I binary -O ihex video.bin video.hex
   text	   data	    bss	    dec	    hex	filename
 100084	   2320	   4988	 107392	  1a380	video.axf
copy from `video.axf' [elf32-littlearm] to `video.bin' [binary]
Created checksum 0x8ffdd4e2 at offset 0x1c in file video.bin 
19:17:55 **** Incremental Build of configuration Release for project pixy_m0 ****
make all 
make: Nothing to be done for `all'.
19:17:57 **** Incremental Build of configuration Release for project m0 ****
make all 
make: Nothing to be done for `all'.
19:17:59 **** Incremental Build of configuration Release for project pixy_m4 ****
make all 
Building file: ../src/led.cpp
Invoking: MCU C++ Compiler
arm-none-eabi-c++ -D__MULTICORE_NONE -DIPC_MASTER -DPIXY -D__NEWLIB__ -DNDEBUG -D__CODE_RED -DCORE_M4 -D__LPC43XX__ -I"C:\CharmedLabs\cmucam\lpcxpresso\pixy_m4\inc" -I"C:\CharmedLabs\cmucam\lpcxpresso\video\inc" -Os -Os -g -Wall -c -fmessage-length=0 -fno-builtin -ffunction-sections -fdata-sections -fno-rtti -fno-exceptions -fsingle-precision-constant -mcpu=cortex-m4 -mfpu=fpv4-sp-d16 -mfloat-abi=softfp -mthumb -D__NEWLIB__ -MMD -MP -MF"src/led.d" -MT"src/led.o" -MT"src/led.d" -o "src/led.o" "../src/led.cpp"
../src/led.cpp:64:1: warning: deprecated conversion from string constant to 'char*' [-Wwrite-strings]
 }; 
 ^
../src/led.cpp:64:1: warning: deprecated conversion from string constant to 'char*' [-Wwrite-strings]
../src/led.cpp:64:1: warning: deprecated conversion from string constant to 'char*' [-Wwrite-strings]
../src/led.cpp:64:1: warning: deprecated conversion from string constant to 'char*' [-Wwrite-strings]
../src/led.cpp:64:1: warning: deprecated conversion from string constant to 'char*' [-Wwrite-strings]
../src/led.cpp:64:1: warning: deprecated conversion from string constant to 'char*' [-Wwrite-strings]
../src/led.cpp:64:1: warning: deprecated conversion from string constant to 'char*' [-Wwrite-strings]
../src/led.cpp:64:1: warning: deprecated conversion from string constant to 'char*' [-Wwrite-strings]
Finished building: ../src/led.cpp
 
Building target: libpixy_m4.a
Invoking: MCU Archiver
arm-none-eabi-ar -r  "libpixy_m4.a"  ./src/camera.o ./src/chirp.o ./src/crp.o ./src/debug_frmwrk.o ./src/fpu_init.o ./src/ipc_mbx.o ./src/led.o ./src/lpc43xx_adc.o ./src/lpc43xx_cgu.o ./src/lpc43xx_scu.o ./src/lpc43xx_ssp.o ./src/lpc43xx_uart.o ./src/misc.o ./src/param.o ./src/pixy_init.o ./src/platform_config.o ./src/power.o ./src/rcservo.o ./src/sccb.o ./src/smlink.o ./src/usbcore.o ./src/usbdesc.o ./src/usbhw.o ./src/usblink.o ./src/usbuser.o   
c:\nxp\LPCXpresso_7.3.0_186\lpcxpresso\tools\bin\arm-none-eabi-ar.exe: creating libpixy_m4.a
Finished building target: libpixy_m4.a
 
make --no-print-directory post-build
Performing post-build steps
arm-none-eabi-size "libpixy_m4.a" ; # arm-none-eabi-objdump -h -S "libpixy_m4.a" >"libpixy_m4.lss"
   text	   data	    bss	    dec	    hex	filename
   4158	     10	     13	   4181	   1055	camera.o (ex libpixy_m4.a)
   4444	      0	      0	   4444	   115c	chirp.o (ex libpixy_m4.a)
      4	      0	      0	      4	      4	crp.o (ex libpixy_m4.a)
   1240	      0	      0	   1240	    4d8	debug_frmwrk.o (ex libpixy_m4.a)
     88	      0	      0	     88	     58	fpu_init.o (ex libpixy_m4.a)
    700	      0	      0	    700	    2bc	ipc_mbx.o (ex libpixy_m4.a)
   1589	      0	     33	   1622	    656	led.o (ex libpixy_m4.a)
    308	      0	      0	    308	    134	lpc43xx_adc.o (ex libpixy_m4.a)
   3176	     68	      0	   3244	    cac	lpc43xx_cgu.o (ex libpixy_m4.a)
[...]
Finished building: ../src/colorlut.cpp
 
Building file: ../src/conncomp.cpp
Invoking: MCU C++ Compiler
arm-none-eabi-c++ -D__MULTICORE_MASTER -DIPC_MASTER -DPIXY -D__NEWLIB__ -DNDEBUG -D__CODE_RED -DCORE_M4 -DCPP_USE_HEAP -D__LPC43XX__ -DLPC43_MULTICORE_M0APP -I"C:\CharmedLabs\cmucam\git\device\lpcxpresso\video\inc" -I"C:\CharmedLabs\cmucam\git\device\lpcxpresso\pixy_m4\inc" -O1 -Os -g -Wall -c -fmessage-length=0 -fno-builtin -ffunction-sections -fdata-sections -fno-rtti -fno-exceptions -fsingle-precision-constant -mcpu=cortex-m4 -mfpu=fpv4-sp-d16 -mfloat-abi=softfp -mthumb -D__NEWLIB__ -MMD -MP -MF"src/conncomp.d" -MT"src/conncomp.o" -MT"src/conncomp.d" -o "src/conncomp.o" "../src/conncomp.cpp"
../src/conncomp.cpp:91:1: warning: deprecated conversion from string constant to 'char*' [-Wwrite-strings]
 };
 ^
../src/conncomp.cpp:91:1: warning: deprecated conversion from string constant to 'char*' [-Wwrite-strings]
../src/conncomp.cpp:91:1: warning: deprecated conversion from string constant to 'char*' [-Wwrite-strings]
../src/conncomp.cpp:91:1: warning: deprecated conversion from string constant to 'char*' [-Wwrite-strings]
../src/conncomp.cpp:91:1: warning: deprecated conversion from string constant to 'char*' [-Wwrite-strings]
../src/conncomp.cpp:91:1: warning: deprecated conversion from string constant to 'char*' [-Wwrite-strings]
../src/conncomp.cpp:91:1: warning: deprecated conversion from string constant to 'char*' [-Wwrite-strings]
../src/conncomp.cpp:91:1: warning: deprecated conversion from string constant to 'char*' [-Wwrite-strings]
../src/conncomp.cpp:91:1: warning: deprecated conversion from string constant to 'char*' [-Wwrite-strings]
../src/conncomp.cpp:91:1: warning: deprecated conversion from string constant to 'char*' [-Wwrite-strings]
../src/conncomp.cpp:91:1: warning: deprecated conversion from string constant to 'char*' [-Wwrite-strings]
../src/conncomp.cpp:91:1: warning: deprecated conversion from string constant to 'char*' [-Wwrite-strings]
Finished building: ../src/conncomp.cpp
 
Building file: ../src/exec.cpp
Invoking: MCU C++ Compiler
arm-none-eabi-c++ -D__MULTICORE_MASTER -DIPC_MASTER -DPIXY -D__NEWLIB__ -DNDEBUG -D__CODE_RED -DCORE_M4 -DCPP_USE_HEAP -D__LPC43XX__ -DLPC43_MULTICORE_M0APP -I"C:\CharmedLabs\cmucam\git\device\lpcxpresso\video\inc" -I"C:\CharmedLabs\cmucam\git\device\lpcxpresso\pixy_m4\inc" -O1 -Os -g -Wall -c -fmessage-length=0 -fno-builtin -ffunction-sections -fdata-sections -fno-rtti -fno-exceptions -fsingle-precision-constant -mcpu=cortex-m4 -mfpu=fpv4-sp-d16 -mfloat-abi=softfp -mthumb -D__NEWLIB__ -MMD -MP -MF"src/exec.d" -MT"src/exec.o" -MT"src/exec.d" -o "src/exec.o" "../src/exec.cpp"
../src/exec.cpp:84:1: warning: deprecated conversion from string constant to 'char*' [-Wwrite-strings]
 };
 ^
../src/exec.cpp:84:1: warning: deprecated conversion from string constant to 'char*' [-Wwrite-strings]
../src/exec.cpp:84:1: warning: deprecated conversion from string constant to 'char*' [-Wwrite-strings]
../src/exec.cpp:84:1: warning: deprecated conversion from string constant to 'char*' [-Wwrite-strings]
../src/exec.cpp:84:1: warning: deprecated conversion from string constant to 'char*' [-Wwrite-strings]
../src/exec.cpp:84:1: warning: deprecated conversion from string constant to 'char*' [-Wwrite-strings]
../src/exec.cpp:84:1: warning: deprecated conversion from string constant to 'char*' [-Wwrite-strings]
../src/exec.cpp:84:1: warning: deprecated conversion from string constant to 'char*' [-Wwrite-strings]
../src/exec.cpp:84:1: warning: deprecated conversion from string constant to 'char*' [-Wwrite-strings]
../src/exec.cpp:84:1: warning: deprecated conversion from string constant to 'char*' [-Wwrite-strings]
../src/exec.cpp:84:1: warning: deprecated conversion from string constant to 'char*' [-Wwrite-strings]
../src/exec.cpp:84:1: warning: deprecated conversion from string constant to 'char*' [-Wwrite-strings]
../src/exec.cpp:84:1: warning: deprecated conversion from string constant to 'char*' [-Wwrite-strings]
../src/exec.cpp:84:1: warning: deprecated conversion from string constant to 'char*' [-Wwrite-strings]
Finished building: ../src/exec.cpp
 
Building file: ../src/flash.cpp
Invoking: MCU C++ Compiler
arm-none-eabi-c++ -D__MULTICORE_MASTER -DIPC_MASTER -DPIXY -D__NEWLIB__ -DNDEBUG -D__CODE_RED -DCORE_M4 -DCPP_USE_HEAP -D__LPC43XX__ -DLPC43_MULTICORE_M0APP -I"C:\CharmedLabs\cmucam\git\device\lpcxpresso\video\inc" -I"C:\CharmedLabs\cmucam\git\device\lpcxpresso\pixy_m4\inc" -O1 -Os -g -Wall -c -fmessage-length=0 -fno-builtin -ffunction-sections -fdata-sections -fno-rtti -fno-exceptions -fsingle-precision-constant -mcpu=cortex-m4 -mfpu=fpv4-sp-d16 -mfloat-abi=softfp -mthumb -D__NEWLIB__ -MMD -MP -MF"src/flash.d" -MT"src/flash.o" -MT"src/flash.d" -o "src/flash.o" "../src/flash.cpp"
In file included from ../src/flash.cpp:17:0:
../src/flash.cpp: In function 'int32_t flash_erase(uint32_t, uint32_t)':
../src/flash.cpp:43:32: warning: suggest parentheses around '+' in operand of '&' [-Wparentheses]
   addr = FLASH_SECTOR_MASK(addr+i);
                                ^
C:\CharmedLabs\cmucam\git\device\lpcxpresso\video\inc/flash.h:23:33: note: in definition of macro 'FLASH_SECTOR_MASK'
 #define FLASH_SECTOR_MASK(a)   (a&(~(FLASH_SECTOR_SIZE-1)))
                                 ^
Finished building: ../src/flash.cpp
 
Building file: ../src/i2c.cpp
Invoking: MCU C++ Compiler
arm-none-eabi-c++ -D__MULTICORE_MASTER -DIPC_MASTER -DPIXY -D__NEWLIB__ -DNDEBUG -D__CODE_RED -DCORE_M4 -DCPP_USE_HEAP -D__LPC43XX__ -DLPC43_MULTICORE_M0APP -I"C:\CharmedLabs\cmucam\git\device\lpcxpresso\video\inc" -I"C:\CharmedLabs\cmucam\git\device\lpcxpresso\pixy_m4\inc" -O1 -Os -g -Wall -c -fmessage-length=0 -fno-builtin -ffunction-sections -fdata-sections -fno-rtti -fno-exceptions -fsingle-precision-constant -mcpu=cortex-m4 -mfpu=fpv4-sp-d16 -mfloat-abi=softfp -mthumb -D__NEWLIB__ -MMD -MP -MF"src/i2c.d" -MT"src/i2c.o" -MT"src/i2c.d" -o "src/i2c.o" "../src/i2c.cpp"
Finished building: ../src/i2c.cpp
 
Building file: ../src/lpc43xx_i2c.c
Invoking: MCU C Compiler
arm-none-eabi-gcc -D__NEWLIB__ -DIPC_MASTER -DPIXY -D__MULTICORE_MASTER -DNDEBUG -D__CODE_RED -DCORE_M4 -DCPP_USE_HEAP -D__LPC43XX__ -DLPC43_MULTICORE_M0APP -I"C:\CharmedLabs\cmucam\git\device\lpcxpresso\video\inc" -I"C:\CharmedLabs\cmucam\git\device\lpcxpresso\pixy_m4\inc" -Og -g -Wall -c -fmessage-length=0 -fno-builtin -ffunction-sections -fdata-sections -fsingle-precision-constant -mcpu=cortex-m4 -mfpu=fpv4-sp-d16 -mfloat-abi=softfp -mthumb -D__NEWLIB__ -MMD -MP -MF"src/lpc43xx_i2c.d" -MT"src/lpc43xx_i2c.o" -MT"src/lpc43xx_i2c.d" -o "src/lpc43xx_i2c.o" "../src/lpc43xx_i2c.c"
Finished building: ../src/lpc43xx_i2c.c
 
Building file: ../src/main_m4.cpp
Invoking: MCU C++ Compiler
arm-none-eabi-c++ -D__MULTICORE_MASTER -DIPC_MASTER -DPIXY -D__NEWLIB__ -DNDEBUG -D__CODE_RED -DCORE_M4 -DCPP_USE_HEAP -D__LPC43XX__ -DLPC43_MULTICORE_M0APP -I"C:\CharmedLabs\cmucam\git\device\lpcxpresso\video\inc" -I"C:\CharmedLabs\cmucam\git\device\lpcxpresso\pixy_m4\inc" -O1 -Os -g -Wall -c -fmessage-length=0 -fno-builtin -ffunction-sections -fdata-sections -fno-rtti -fno-exceptions -fsingle-precision-constant -mcpu=cortex-m4 -mfpu=fpv4-sp-d16 -mfloat-abi=softfp -mthumb -D__NEWLIB__ -MMD -MP -MF"src/main_m4.d" -MT"src/main_m4.o" -MT"src/main_m4.d" -o "src/main_m4.o" "../src/main_m4.cpp"
Finished building: ../src/main_m4.cpp
 
Building file: ../src/progblobs.cpp
Invoking: MCU C++ Compiler
arm-none-eabi-c++ -D__MULTICORE_MASTER -DIPC_MASTER -DPIXY -D__NEWLIB__ -DNDEBUG -D__CODE_RED -DCORE_M4 -DCPP_USE_HEAP -D__LPC43XX__ -DLPC43_MULTICORE_M0APP -I"C:\CharmedLabs\cmucam\git\device\lpcxpresso\video\inc" -I"C:\CharmedLabs\cmucam\git\device\lpcxpresso\pixy_m4\inc" -O1 -Os -g -Wall -c -fmessage-length=0 -fno-builtin -ffunction-sections -fdata-sections -fno-rtti -fno-exceptions -fsingle-precision-constant -mcpu=cortex-m4 -mfpu=fpv4-sp-d16 -mfloat-abi=softfp -mthumb -D__NEWLIB__ -MMD -MP -MF"src/progblobs.d" -MT"src/progblobs.o" -MT"src/progblobs.d" -o "src/progblobs.o" "../src/progblobs.cpp"
../src/progblobs.cpp:30:1: warning: deprecated conversion from string constant to 'char*' [-Wwrite-strings]
 };
 ^
../src/progblobs.cpp:30:1: warning: deprecated conversion from string constant to 'char*' [-Wwrite-strings]
Finished building: ../src/progblobs.cpp
 
Building file: ../src/progpt.cpp
Invoking: MCU C++ Compiler
arm-none-eabi-c++ -D__MULTICORE_MASTER -DIPC_MASTER -DPIXY -D__NEWLIB__ -DNDEBUG -D__CODE_RED -DCORE_M4 -DCPP_USE_HEAP -D__LPC43XX__ -DLPC43_MULTICORE_M0APP -I"C:\CharmedLabs\cmucam\git\device\lpcxpresso\video\inc" -I"C:\CharmedLabs\cmucam\git\device\lpcxpresso\pixy_m4\inc" -O1 -Os -g -Wall -c -fmessage-length=0 -fno-builtin -ffunction-sections -fdata-sections -fno-rtti -fno-exceptions -fsingle-precision-constant -mcpu=cortex-m4 -mfpu=fpv4-sp-d16 -mfloat-abi=softfp -mthumb -D__NEWLIB__ -MMD -MP -MF"src/progpt.d" -MT"src/progpt.o" -MT"src/progpt.d" -o "src/progpt.o" "../src/progpt.cpp"
../src/progpt.cpp:36:1: warning: deprecated conversion from string constant to 'char*' [-Wwrite-strings]
 };
 ^
../src/progpt.cpp:36:1: warning: deprecated conversion from string constant to 'char*' [-Wwrite-strings]
../src/progpt.cpp: In member function 'void ServoLoop::update(int32_t)':
../src/progpt.cpp:55:19: warning: comparison between signed and unsigned integer expressions [-Wsign-compare]
  if (m_prevError!=0x80000000)
                   ^
Finished building: ../src/progpt.cpp
 
Building file: ../src/progvideo.cpp
Invoking: MCU C++ Compiler
arm-none-eabi-c++ -D__MULTICORE_MASTER -DIPC_MASTER -DPIXY -D__NEWLIB__ -DNDEBUG -D__CODE_RED -DCORE_M4 -DCPP_USE_HEAP -D__LPC43XX__ -DLPC43_MULTICORE_M0APP -I"C:\CharmedLabs\cmucam\git\device\lpcxpresso\video\inc" -I"C:\CharmedLabs\cmucam\git\device\lpcxpresso\pixy_m4\inc" -O1 -Os -g -Wall -c -fmessage-length=0 -fno-builtin -ffunction-sections -fdata-sections -fno-rtti -fno-exceptions -fsingle-precision-constant -mcpu=cortex-m4 -mfpu=fpv4-sp-d16 -mfloat-abi=softfp -mthumb -D__NEWLIB__ -MMD -MP -MF"src/progvideo.d" -MT"src/progvideo.o" -MT"src/progvideo.d" -o "src/progvideo.o" "../src/progvideo.cpp"
../src/progvideo.cpp:33:1: warning: deprecated conversion from string constant to 'char*' [-Wwrite-strings]
 };
 ^
../src/progvideo.cpp:33:1: warning: deprecated conversion from string constant to 'char*' [-Wwrite-strings]
Finished building: ../src/progvideo.cpp
 
Building file: ../src/qqueue.cpp
Invoking: MCU C++ Compiler
arm-none-eabi-c++ -D__MULTICORE_MASTER -DIPC_MASTER -DPIXY -D__NEWLIB__ -DNDEBUG -D__CODE_RED -DCORE_M4 -DCPP_USE_HEAP -D__LPC43XX__ -DLPC43_MULTICORE_M0APP -I"C:\CharmedLabs\cmucam\git\device\lpcxpresso\video\inc" -I"C:\CharmedLabs\cmucam\git\device\lpcxpresso\pixy_m4\inc" -O1 -Os -g -Wall -c -fmessage-length=0 -fno-builtin -ffunction-sections -fdata-sections -fno-rtti -fno-exceptions -fsingle-precision-constant -mcpu=cortex-m4 -mfpu=fpv4-sp-d16 -mfloat-abi=softfp -mthumb -D__NEWLIB__ -MMD -MP -MF"src/qqueue.d" -MT"src/qqueue.o" -MT"src/qqueue.d" -o "src/qqueue.o" "../src/qqueue.cpp"
Finished building: ../src/qqueue.cpp
 
Building file: ../src/serial.cpp
Invoking: MCU C++ Compiler
arm-none-eabi-c++ -D__MULTICORE_MASTER -DIPC_MASTER -DPIXY -D__NEWLIB__ -DNDEBUG -D__CODE_RED -DCORE_M4 -DCPP_USE_HEAP -D__LPC43XX__ -DLPC43_MULTICORE_M0APP -I"C:\CharmedLabs\cmucam\git\device\lpcxpresso\video\inc" -I"C:\CharmedLabs\cmucam\git\device\lpcxpresso\pixy_m4\inc" -O1 -Os -g -Wall -c -fmessage-length=0 -fno-builtin -ffunction-sections -fdata-sections -fno-rtti -fno-exceptions -fsingle-precision-constant -mcpu=cortex-m4 -mfpu=fpv4-sp-d16 -mfloat-abi=softfp -mthumb -D__NEWLIB__ -MMD -MP -MF"src/serial.d" -MT"src/serial.o" -MT"src/serial.d" -o "src/serial.o" "../src/serial.cpp"
Finished building: ../src/serial.cpp
 
Building file: ../src/spi.cpp
Invoking: MCU C++ Compiler
arm-none-eabi-c++ -D__MULTICORE_MASTER -DIPC_MASTER -DPIXY -D__NEWLIB__ -DNDEBUG -D__CODE_RED -DCORE_M4 -DCPP_USE_HEAP -D__LPC43XX__ -DLPC43_MULTICORE_M0APP -I"C:\CharmedLabs\cmucam\git\device\lpcxpresso\video\inc" -I"C:\CharmedLabs\cmucam\git\device\lpcxpresso\pixy_m4\inc" -O1 -Os -g -Wall -c -fmessage-length=0 -fno-builtin -ffunction-sections -fdata-sections -fno-rtti -fno-exceptions -fsingle-precision-constant -mcpu=cortex-m4 -mfpu=fpv4-sp-d16 -mfloat-abi=softfp -mthumb -D__NEWLIB__ -MMD -MP -MF"src/spi.d" -MT"src/spi.o" -MT"src/spi.d" -o "src/spi.o" "../src/spi.cpp"
../src/spi.cpp: In constructor 'Spi::Spi(SerialCallback)':
../src/spi.cpp:198:20: warning: variable 'd' set but not used [-Wunused-but-set-variable]
  volatile uint32_t d;
                    ^
Finished building: ../src/spi.cpp
 
Building file: ../src/system_LPC43xx.c
Invoking: MCU C Compiler
arm-none-eabi-gcc -D__NEWLIB__ -DIPC_MASTER -DPIXY -D__MULTICORE_MASTER -DNDEBUG -D__CODE_RED -DCORE_M4 -DCPP_USE_HEAP -D__LPC43XX__ -DLPC43_MULTICORE_M0APP -I"C:\CharmedLabs\cmucam\git\device\lpcxpresso\video\inc" -I"C:\CharmedLabs\cmucam\git\device\lpcxpresso\pixy_m4\inc" -Og -g -Wall -c -fmessage-length=0 -fno-builtin -ffunction-sections -fdata-sections -fsingle-precision-constant -mcpu=cortex-m4 -mfpu=fpv4-sp-d16 -mfloat-abi=softfp -mthumb -D__NEWLIB__ -MMD -MP -MF"src/system_LPC43xx.d" -MT"src/system_LPC43xx.o" -MT"src/system_LPC43xx.d" -o "src/system_LPC43xx.o" "../src/system_LPC43xx.c"
Finished building: ../src/system_LPC43xx.c
 
Building file: ../src/uart.cpp
Invoking: MCU C++ Compiler
arm-none-eabi-c++ -D__MULTICORE_MASTER -DIPC_MASTER -DPIXY -D__NEWLIB__ -DNDEBUG -D__CODE_RED -DCORE_M4 -DCPP_USE_HEAP -D__LPC43XX__ -DLPC43_MULTICORE_M0APP -I"C:\CharmedLabs\cmucam\git\device\lpcxpresso\video\inc" -I"C:\CharmedLabs\cmucam\git\device\lpcxpresso\pixy_m4\inc" -O1 -Os -g -Wall -c -fmessage-length=0 -fno-builtin -ffunction-sections -fdata-sections -fno-rtti -fno-exceptions -fsingle-precision-constant -mcpu=cortex-m4 -mfpu=fpv4-sp-d16 -mfloat-abi=softfp -mthumb -D__NEWLIB__ -MMD -MP -MF"src/uart.d" -MT"src/uart.o" -MT"src/uart.d" -o "src/uart.o" "../src/uart.cpp"
../src/uart.cpp: In member function 'void Uart::irqHandler()':
../src/uart.cpp:34:20: warning: variable 'v' set but not used [-Wunused-but-set-variable]
  volatile uint32_t v;
                    ^
Finished building: ../src/uart.cpp
 
Building target: video.axf
Invoking: MCU C++ Linker
arm-none-eabi-c++ -nostdlib -L"C:\CharmedLabs\cmucam\git\device\lpcxpresso\video\src" -L"C:\CharmedLabs\cmucam\git\device\lpcxpresso\pixy_m4\Release" -Xlinker -Map="video.map" -Xlinker --gc-sections -mcpu=cortex-m4 -mfpu=fpv4-sp-d16 -mfloat-abi=softfp -mthumb -T ../linkscripts/link_template.ld -o "video.axf"  ./src/analogdig.o ./src/blob.o ./src/blobs.o ./src/button.o ./src/colorlut.o ./src/conncomp.o ./src/cr_cpp_config.o ./src/cr_start_m0.o ./src/cr_startup_lpc43xx.o ./src/crp.o ./src/exec.o ./src/flash.o ./src/i2c.o ./src/lpc43xx_i2c.o ./src/main_m4.o ./src/progblobs.o ./src/progpt.o ./src/progvideo.o ./src/qqueue.o ./src/serial.o ./src/spi.o ./src/system_LPC43xx.o ./src/uart.o  C:/CharmedLabs/cmucam/git/device/lpcxpresso/m0/Release/m0.axf.o -lfalcon_m4_spifi_drv -lpixy_m4
c:/nxp/lpcxpresso_7.3.0_186/lpcxpresso/tools/bin/../lib/gcc/arm-none-eabi/4.8.4/../../../../arm-none-eabi/bin/ld.exe: warning: C:\CharmedLabs\cmucam\git\device\lpcxpresso\video\src\libfalcon_m4_spifi_drv.a(spifi_rom_api.o) uses 2-byte wchar_t yet the output is to use 4-byte wchar_t; use of wchar_t values across objects may fail
c:/nxp/lpcxpresso_7.3.0_186/lpcxpresso/tools/bin/../lib/gcc/arm-none-eabi/4.8.4/../../../../arm-none-eabi/bin/ld.exe: warning: C:\CharmedLabs\cmucam\git\device\lpcxpresso\video\src\libfalcon_m4_spifi_drv.a(falcon_details.o) uses 2-byte wchar_t yet the output is to use 4-byte wchar_t; use of wchar_t values across objects may fail
c:/nxp/lpcxpresso_7.3.0_186/lpcxpresso/tools/bin/../lib/gcc/arm-none-eabi/4.8.4/../../../../arm-none-eabi/bin/ld.exe: warning: C:\CharmedLabs\cmucam\git\device\lpcxpresso\video\src\libfalcon_m4_spifi_drv.a(amic.o) uses 2-byte wchar_t yet the output is to use 4-byte wchar_t; use of wchar_t values across objects may fail
c:/nxp/lpcxpresso_7.3.0_186/lpcxpresso/tools/bin/../lib/gcc/arm-none-eabi/4.8.4/../../../../arm-none-eabi/bin/ld.exe: warning: C:\CharmedLabs\cmucam\git\device\lpcxpresso\video\src\libfalcon_m4_spifi_drv.a(atmel.o) uses 2-byte wchar_t yet the output is to use 4-byte wchar_t; use of wchar_t values across objects may fail
c:/nxp/lpcxpresso_7.3.0_186/lpcxpresso/tools/bin/../lib/gcc/arm-none-eabi/4.8.4/../../../../arm-none-eabi/bin/ld.exe: warning: C:\CharmedLabs\cmucam\git\device\lpcxpresso\video\src\libfalcon_m4_spifi_drv.a(chi.o) uses 2-byte wchar_t yet the output is to use 4-byte wchar_t; use of wchar_t values across objects may fail
c:/nxp/lpcxpresso_7.3.0_186/lpcxpresso/tools/bin/../lib/gcc/arm-none-eabi/4.8.4/../../../../arm-none-eabi/bin/ld.exe: warning: C:\CharmedLabs\cmucam\git\device\lpcxpresso\video\src\libfalcon_m4_spifi_drv.a(eon.o) uses 2-byte wchar_t yet the output is to use 4-byte wchar_t; use of wchar_t values across objects may fail
c:/nxp/lpcxpresso_7.3.0_186/lpcxpresso/tools/bin/../lib/gcc/arm-none-eabi/4.8.4/../../../../arm-none-eabi/bin/ld.exe: warning: C:\CharmedLabs\cmucam\git\device\lpcxpresso\video\src\libfalcon_m4_spifi_drv.a(esmt.o) uses 2-byte wchar_t yet the output is to use 4-byte wchar_t; use of wchar_t values across objects may fail
c:/nxp/lpcxpresso_7.3.0_186/lpcxpresso/tools/bin/../lib/gcc/arm-none-eabi/4.8.4/../../../../arm-none-eabi/bin/ld.exe: warning: C:\CharmedLabs\cmucam\git\device\lpcxpresso\video\src\libfalcon_m4_spifi_drv.a(giga.o) uses 2-byte wchar_t yet the output is to use 4-byte wchar_t; use of wchar_t values across objects may fail
c:/nxp/lpcxpresso_7.3.0_186/lpcxpresso/tools/bin/../lib/gcc/arm-none-eabi/4.8.4/../../../../arm-none-eabi/bin/ld.exe: warning: C:\CharmedLabs\cmucam\git\device\lpcxpresso\video\src\libfalcon_m4_spifi_drv.a(macronix.o) uses 2-byte wchar_t yet the output is to use 4-byte wchar_t; use of wchar_t values across objects may fail
c:/nxp/lpcxpresso_7.3.0_186/lpcxpresso/tools/bin/../lib/gcc/arm-none-eabi/4.8.4/../../../../arm-none-eabi/bin/ld.exe: warning: C:\CharmedLabs\cmucam\git\device\lpcxpresso\video\src\libfalcon_m4_spifi_drv.a(numonyx.o) uses 2-byte wchar_t yet the output is to use 4-byte wchar_t; use of wchar_t values across objects may fail
c:/nxp/lpcxpresso_7.3.0_186/lpcxpresso/tools/bin/../lib/gcc/arm-none-eabi/4.8.4/../../../../arm-none-eabi/bin/ld.exe: warning: C:\CharmedLabs\cmucam\git\device\lpcxpresso\video\src\libfalcon_m4_spifi_drv.a(spansion.o) uses 2-byte wchar_t yet the output is to use 4-byte wchar_t; use of wchar_t values across objects may fail
c:/nxp/lpcxpresso_7.3.0_186/lpcxpresso/tools/bin/../lib/gcc/arm-none-eabi/4.8.4/../../../../arm-none-eabi/bin/ld.exe: warning: C:\CharmedLabs\cmucam\git\device\lpcxpresso\video\src\libfalcon_m4_spifi_drv.a(sst.o) uses 2-byte wchar_t yet the output is to use 4-byte wchar_t; use of wchar_t values across objects may fail
c:/nxp/lpcxpresso_7.3.0_186/lpcxpresso/tools/bin/../lib/gcc/arm-none-eabi/4.8.4/../../../../arm-none-eabi/bin/ld.exe: warning: C:\CharmedLabs\cmucam\git\device\lpcxpresso\video\src\libfalcon_m4_spifi_drv.a(winbond.o) uses 2-byte wchar_t yet the output is to use 4-byte wchar_t; use of wchar_t values across objects may fail
Finished building target: video.axf
 
make --no-print-directory post-build
Performing post-build steps
arm-none-eabi-size "video.axf" ; arm-none-eabi-objcopy -v -O binary "video.axf" "video.bin" ; checksum -p LPC4330 -d "video.bin" ; arm-none-eabi-objcopy -I binary -O ihex video.bin video.hex
   text	   data	    bss	    dec	    hex	filename
 100316	   2320	   4988	 107624	  1a468	video.axf
copy from `video.axf' [elf32-littlearm] to `video.bin' [binary]
Created checksum 0x8ffdd3de at offset 0x1c in file video.bin 
