19:47:17 **** Incremental Build of configuration Release for project pixy_m0 ****
make all 
Building file: ../src/chirp.c
Invoking: MCU C Compiler
arm-none-eabi-gcc -DIPC_SLAVE -DPIXY -D__REDLIB__ -D__MULTICORE_NONE -DNDEBUG -D__CODE_RED -DCORE_M0 -DCR_PRINTF_CHAR -D__LPC43XX__ -I"C:\CharmedLabs\cmucam\git\device\lpcxpresso\pixy_m0\inc" -Os -g -Wall -c -fmessage-length=0 -fno-builtin -ffunction-sections -fdata-sections -mcpu=cortex-m0 -mthumb -MMD -MP -MF"src/chirp.d" -MT"src/chirp.o" -MT"src/chirp.d" -o "src/chirp.o" "../src/chirp.c"
Finished building: ../src/chirp.c
 
Building file: ../src/debug.c
Invoking: MCU C Compiler
arm-none-eabi-gcc -DIPC_SLAVE -DPIXY -D__REDLIB__ -D__MULTICORE_NONE -DNDEBUG -D__CODE_RED -DCORE_M0 -DCR_PRINTF_CHAR -D__LPC43XX__ -I"C:\CharmedLabs\cmucam\git\device\lpcxpresso\pixy_m0\inc" -Os -g -Wall -c -fmessage-length=0 -fno-builtin -ffunction-sections -fdata-sections -mcpu=cortex-m0 -mthumb -MMD -MP -MF"src/debug.d" -MT"src/debug.o" -MT"src/debug.d" -o "src/debug.o" "../src/debug.c"
Finished building: ../src/debug.c
 
Building file: ../src/debug_frmwrk.c
Invoking: MCU C Compiler
arm-none-eabi-gcc -DIPC_SLAVE -DPIXY -D__REDLIB__ -D__MULTICORE_NONE -DNDEBUG -D__CODE_RED -DCORE_M0 -DCR_PRINTF_CHAR -D__LPC43XX__ -I"C:\CharmedLabs\cmucam\git\device\lpcxpresso\pixy_m0\inc" -Os -g -Wall -c -fmessage-length=0 -fno-builtin -ffunction-sections -fdata-sections -mcpu=cortex-m0 -mthumb -MMD -MP -MF"src/debug_frmwrk.d" -MT"src/debug_frmwrk.o" -MT"src/debug_frmwrk.d" -o "src/debug_frmwrk.o" "../src/debug_frmwrk.c"
Finished building: ../src/debug_frmwrk.c
 
Building file: ../src/ipc_mbx.c
Invoking: MCU C Compiler
arm-none-eabi-gcc -DIPC_SLAVE -DPIXY -D__REDLIB__ -D__MULTICORE_NONE -DNDEBUG -D__CODE_RED -DCORE_M0 -DCR_PRINTF_CHAR -D__LPC43XX__ -I"C:\CharmedLabs\cmucam\git\device\lpcxpresso\pixy_m0\inc" -Os -g -Wall -c -fmessage-length=0 -fno-builtin -ffunction-sections -fdata-sections -mcpu=cortex-m0 -mthumb -MMD -MP -MF"src/ipc_mbx.d" -MT"src/ipc_mbx.o" -MT"src/ipc_mbx.d" -o "src/ipc_mbx.o" "../src/ipc_mbx.c"
../src/ipc_mbx.c: In function 'IPC_resetMbxFlag':
../src/ipc_mbx.c:51:4: warning: 'wasMasked' is used uninitialized in this function [-Wuninitialized]
  if(!wasMasked)  __enable_irq();\
    ^
../src/ipc_mbx.c:54:27: note: 'wasMasked' was declared here
  #define IRQ_LOCK_KEY int wasMasked;
                           ^
../src/ipc_mbx.c:78:3: note: in expansion of macro 'IRQ_LOCK_KEY'
   IRQ_LOCK_KEY
   ^
../src/ipc_mbx.c: In function '_setMbxStatus':
../src/ipc_mbx.c:51:4: warning: 'wasMasked' is used uninitialized in this function [-Wuninitialized]
  if(!wasMasked)  __enable_irq();\
    ^
../src/ipc_mbx.c:54:27: note: 'wasMasked' was declared here
  #define IRQ_LOCK_KEY int wasMasked;
                           ^
../src/ipc_mbx.c:100:2: note: in expansion of macro 'IRQ_LOCK_KEY'
  IRQ_LOCK_KEY
  ^
Finished building: ../src/ipc_mbx.c
 
Building file: ../src/lpc43xx_uart.c
Invoking: MCU C Compiler
arm-none-eabi-gcc -DIPC_SLAVE -DPIXY -D__REDLIB__ -D__MULTICORE_NONE -DNDEBUG -D__CODE_RED -DCORE_M0 -DCR_PRINTF_CHAR -D__LPC43XX__ -I"C:\CharmedLabs\cmucam\git\device\lpcxpresso\pixy_m0\inc" -Os -g -Wall -c -fmessage-length=0 -fno-builtin -ffunction-sections -fdata-sections -mcpu=cortex-m0 -mthumb -MMD -MP -MF"src/lpc43xx_uart.d" -MT"src/lpc43xx_uart.o" -MT"src/lpc43xx_uart.d" -o "src/lpc43xx_uart.o" "../src/lpc43xx_uart.c"
Finished building: ../src/lpc43xx_uart.c
 
Building file: ../src/smlink.c
Invoking: MCU C Compiler
arm-none-eabi-gcc -DIPC_SLAVE -DPIXY -D__REDLIB__ -D__MULTICORE_NONE -DNDEBUG -D__CODE_RED -DCORE_M0 -DCR_PRINTF_CHAR -D__LPC43XX__ -I"C:\CharmedLabs\cmucam\git\device\lpcxpresso\pixy_m0\inc" -Os -g -Wall -c -fmessage-length=0 -fno-builtin -ffunction-sections -fdata-sections -mcpu=cortex-m0 -mthumb -MMD -MP -MF"src/smlink.d" -MT"src/smlink.o" -MT"src/smlink.d" -o "src/smlink.o" "../src/smlink.c"
Finished building: ../src/smlink.c
 
Building target: libpixy_m0.a
Invoking: MCU Archiver
arm-none-eabi-ar -r  "libpixy_m0.a"  ./src/chirp.o ./src/debug.o ./src/debug_frmwrk.o ./src/ipc_mbx.o ./src/lpc43xx_uart.o ./src/smlink.o   
Finished building target: libpixy_m0.a
 
make --no-print-directory post-build
Performing post-build steps
arm-none-eabi-size "libpixy_m0.a" ; # arm-none-eabi-objdump -h -S "libpixy_m0.a" >"libpixy_m0.lss"
   text	   data	    bss	    dec	    hex	filename
   2194	      0	     32	   2226	    8b2	chirp.o (ex libpixy_m0.a)
     20	      0	      0	     20	     14	debug.o (ex libpixy_m0.a)
    980	      0	      0	    980	    3d4	debug_frmwrk.o (ex libpixy_m0.a)
    646	      0	      0	    646	    286	ipc_mbx.o (ex libpixy_m0.a)
    860	      0	      0	    860	    35c	lpc43xx_uart.o (ex libpixy_m0.a)
    140	      0	      0	    140	     8c	smlink.o (ex libpixy_m0.a)
 

19:47:20 Build Finished (took 3s.818ms)

